** this is package ‘armadillo4r’ version ‘1.0.0’
** package ‘armadillo4r’ successfully unpacked and MD5 sums checked
** using staged installation
** R
** inst
** byte-compile and prepare package for lazy loading
** help
*** installing help indices
  converting help for package ‘armadillo4r’
    finding HTML links ... done
    armadillo4r-package                     html  
    armadillo_version                       html  
    check_cpp4r                             html  
    pkg_template                            html  
    unvendor                                html  
    vendor                                  html  
*** copying figures
** building package indices
** testing if installed package can be loaded from temporary location
** testing if installed package can be loaded from final location
** testing if installed package keeps a record of temporary installation path
* DONE (armadillo4r)

The downloaded source packages are in
	‘/tmp/Rtmpvi9E8p/downloaded_packages’
trying URL 'https://cloud.r-project.org/src/contrib/curl_7.1.0.tar.gz'
Content type 'application/x-gzip' length 717725 bytes (700 KB)
==================================================
downloaded 700 KB

* installing *source* package ‘curl’ ...
** this is package ‘curl’ version ‘7.1.0’
** package ‘curl’ successfully unpacked and MD5 sums checked
** using staged installation
Found pkg-config cflags and libs!
Using PKG_CFLAGS=-DWITH_GZFILEOP
Using PKG_LIBS=-lcurl
** libs
using C compiler: ‘gcc (GCC) 15.2.1 20260123 (Red Hat 15.2.1-7)’
gcc -I"/opt/R/devel/lib/R/include" -DNDEBUG -DWITH_GZFILEOP -DSTRICT_R_HEADERS -DR_NO_REMAP  -I/usr/local/include   -fvisibility=hidden -fpic  -g -O2  -c callbacks.c -o callbacks.o
gcc -I"/opt/R/devel/lib/R/include" -DNDEBUG -DWITH_GZFILEOP -DSTRICT_R_HEADERS -DR_NO_REMAP  -I/usr/local/include   -fvisibility=hidden -fpic  -g -O2  -c curl.c -o curl.o
gcc -I"/opt/R/devel/lib/R/include" -DNDEBUG -DWITH_GZFILEOP -DSTRICT_R_HEADERS -DR_NO_REMAP  -I/usr/local/include   -fvisibility=hidden -fpic  -g -O2  -c download.c -o download.o
gcc -I"/opt/R/devel/lib/R/include" -DNDEBUG -DWITH_GZFILEOP -DSTRICT_R_HEADERS -DR_NO_REMAP  -I/usr/local/include   -fvisibility=hidden -fpic  -g -O2  -c dryrun.c -o dryrun.o
gcc -I"/opt/R/devel/lib/R/include" -DNDEBUG -DWITH_GZFILEOP -DSTRICT_R_HEADERS -DR_NO_REMAP  -I/usr/local/include   -fvisibility=hidden -fpic  -g -O2  -c escape.c -o escape.o
gcc -I"/opt/R/devel/lib/R/include" -DNDEBUG -DWITH_GZFILEOP -DSTRICT_R_HEADERS -DR_NO_REMAP  -I/usr/local/include   -fvisibility=hidden -fpic  -g -O2  -c fetch.c -o fetch.o
gcc -I"/opt/R/devel/lib/R/include" -DNDEBUG -DWITH_GZFILEOP -DSTRICT_R_HEADERS -DR_NO_REMAP  -I/usr/local/include   -fvisibility=hidden -fpic  -g -O2  -c findport.c -o findport.o
gcc -I"/opt/R/devel/lib/R/include" -DNDEBUG -DWITH_GZFILEOP -DSTRICT_R_HEADERS -DR_NO_REMAP  -I/usr/local/include   -fvisibility=hidden -fpic  -g -O2  -c form.c -o form.o
gcc -I"/opt/R/devel/lib/R/include" -DNDEBUG -DWITH_GZFILEOP -DSTRICT_R_HEADERS -DR_NO_REMAP  -I/usr/local/include   -fvisibility=hidden -fpic  -g -O2  -c getdate.c -o getdate.o
gcc -I"/opt/R/devel/lib/R/include" -DNDEBUG -DWITH_GZFILEOP -DSTRICT_R_HEADERS -DR_NO_REMAP  -I/usr/local/include   -fvisibility=hidden -fpic  -g -O2  -c handle.c -o handle.o
gcc -I"/opt/R/devel/lib/R/include" -DNDEBUG -DWITH_GZFILEOP -DSTRICT_R_HEADERS -DR_NO_REMAP  -I/usr/local/include   -fvisibility=hidden -fpic  -g -O2  -c ieproxy.c -o ieproxy.o
gcc -I"/opt/R/devel/lib/R/include" -DNDEBUG -DWITH_GZFILEOP -DSTRICT_R_HEADERS -DR_NO_REMAP  -I/usr/local/include   -fvisibility=hidden -fpic  -g -O2  -c init.c -o init.o
gcc -I"/opt/R/devel/lib/R/include" -DNDEBUG -DWITH_GZFILEOP -DSTRICT_R_HEADERS -DR_NO_REMAP  -I/usr/local/include   -fvisibility=hidden -fpic  -g -O2  -c interrupt.c -o interrupt.o
gcc -I"/opt/R/devel/lib/R/include" -DNDEBUG -DWITH_GZFILEOP -DSTRICT_R_HEADERS -DR_NO_REMAP  -I/usr/local/include   -fvisibility=hidden -fpic  -g -O2  -c multi.c -o multi.o
gcc -I"/opt/R/devel/lib/R/include" -DNDEBUG -DWITH_GZFILEOP -DSTRICT_R_HEADERS -DR_NO_REMAP  -I/usr/local/include   -fvisibility=hidden -fpic  -g -O2  -c nslookup.c -o nslookup.o
gcc -I"/opt/R/devel/lib/R/include" -DNDEBUG -DWITH_GZFILEOP -DSTRICT_R_HEADERS -DR_NO_REMAP  -I/usr/local/include   -fvisibility=hidden -fpic  -g -O2  -c options.c -o options.o
gcc -I"/opt/R/devel/lib/R/include" -DNDEBUG -DWITH_GZFILEOP -DSTRICT_R_HEADERS -DR_NO_REMAP  -I/usr/local/include   -fvisibility=hidden -fpic  -g -O2  -c reflist.c -o reflist.o
gcc -I"/opt/R/devel/lib/R/include" -DNDEBUG -DWITH_GZFILEOP -DSTRICT_R_HEADERS -DR_NO_REMAP  -I/usr/local/include   -fvisibility=hidden -fpic  -g -O2  -c split.c -o split.o
gcc -I"/opt/R/devel/lib/R/include" -DNDEBUG -DWITH_GZFILEOP -DSTRICT_R_HEADERS -DR_NO_REMAP  -I/usr/local/include   -fvisibility=hidden -fpic  -g -O2  -c ssl.c -o ssl.o
gcc -I"/opt/R/devel/lib/R/include" -DNDEBUG -DWITH_GZFILEOP -DSTRICT_R_HEADERS -DR_NO_REMAP  -I/usr/local/include   -fvisibility=hidden -fpic  -g -O2  -c typechecking.c -o typechecking.o
gcc -I"/opt/R/devel/lib/R/include" -DNDEBUG -DWITH_GZFILEOP -DSTRICT_R_HEADERS -DR_NO_REMAP  -I/usr/local/include   -fvisibility=hidden -fpic  -g -O2  -c urlparser.c -o urlparser.o
gcc -I"/opt/R/devel/lib/R/include" -DNDEBUG -DWITH_GZFILEOP -DSTRICT_R_HEADERS -DR_NO_REMAP  -I/usr/local/include   -fvisibility=hidden -fpic  -g -O2  -c utils.c -o utils.o
gcc -I"/opt/R/devel/lib/R/include" -DNDEBUG -DWITH_GZFILEOP -DSTRICT_R_HEADERS -DR_NO_REMAP  -I/usr/local/include   -fvisibility=hidden -fpic  -g -O2  -c version.c -o version.o
gcc -I"/opt/R/devel/lib/R/include" -DNDEBUG -DWITH_GZFILEOP -DSTRICT_R_HEADERS -DR_NO_REMAP  -I/usr/local/include   -fvisibility=hidden -fpic  -g -O2  -c winidn.c -o winidn.o
gcc -I"/opt/R/devel/lib/R/include" -DNDEBUG -DWITH_GZFILEOP -DSTRICT_R_HEADERS -DR_NO_REMAP  -I/usr/local/include   -fvisibility=hidden -fpic  -g -O2  -c writer.c -o writer.o
gcc -shared -L/opt/R/devel/lib/R/lib -L/usr/local/lib -o curl.so callbacks.o curl.o download.o dryrun.o escape.o fetch.o findport.o form.o getdate.o handle.o ieproxy.o init.o interrupt.o multi.o nslookup.o options.o reflist.o split.o ssl.o typechecking.o urlparser.o utils.o version.o winidn.o writer.o -lcurl -L/opt/R/devel/lib/R/lib -lR
installing to /cache/R_libs/00LOCK-curl/00new/curl/libs
** R
** inst
** byte-compile and prepare package for lazy loading
** help
*** installing help indices
  converting help for package ‘curl’
    finding HTML links ... done
    curl                                    html  
    curl_download                           html  
    curl_echo                               html  
    curl_escape                             html  
    curl_fetch                              html  
    curl_options                            html  
    curl_parse_url                          html  
    curl_upload                             html  
    file_writer                             html  
    handle                                  html  
    handle_cookies                          html  
    ie_proxy                                html  
    multi                                   html  
    multi_download                          html  
    multipart                               html  
    nslookup                                html  
    parse_date                              html  
    parse_headers                           html  
    send_mail                               html  
** building package indices
** installing vignettes
** testing if installed package can be loaded from temporary location
** checking absolute paths in shared objects and dynamic libraries
** testing if installed package can be loaded from final location
** testing if installed package keeps a record of temporary installation path
* DONE (curl)

The downloaded source packages are in
	‘/tmp/RtmpjtpDey/downloaded_packages’
* installing *source* package ‘cpp4r’ ...
** this is package ‘cpp4r’ version ‘1.2.0’
** using staged installation
** R
** inst
** byte-compile and prepare package for lazy loading
** help
*** installing help indices
  converting help for package ‘cpp4r’
    finding HTML links ... done
    cpp4r-package                           html  
    pkg_template                            html  
    register                                html  
    unvendor                                html  
    vendor                                  html  
*** copying figures
** building package indices
** installing vignettes
** testing if installed package can be loaded from temporary location
** testing if installed package can be loaded from final location
** testing if installed package keeps a record of temporary installation path
* DONE (cpp4r)
* installing *source* package ‘armadillo4r’ ...
** this is package ‘armadillo4r’ version ‘1.1.0’
** using staged installation
** R
** inst
** byte-compile and prepare package for lazy loading
** help
*** installing help indices
  converting help for package ‘armadillo4r’
    finding HTML links ... done
    armadillo4r-package                     html  
    armadillo_version                       html  
    check_cpp4r                             html  
    pkg_template                            html  
    unvendor                                html  
    vendor                                  html  
*** copying figures
** building package indices
** installing vignettes
** testing if installed package can be loaded from temporary location
** testing if installed package can be loaded from final location
** testing if installed package keeps a record of temporary installation path
* DONE (armadillo4r)
* installing *source* package ‘armadillo4rtest’ ...
** this is package ‘armadillo4rtest’ version ‘0.1.0’
** using staged installation
==========================================================================
armadillo4r configuration summary

  C++ Compiler:           g++
  C++ Standard:           CXX20
  OpenMP Support:         yes
  OpenMP Threads:         4
  SIMD Support:           AVX2
  Sparse Matrix Support:  yes (Matrix >= 1.6-2)
  BLAS:                   -lflexiblas
  LAPACK:                 
  High-Performance Mode:  no
  Optimization Flags:     
  Debug Flags:            

For faster computation
 
 Enable high-performance optimizations:
 export ARMADILLO4RTEST_OPTIMIZATIONS=yes
 
 Change thread count:
 export ARMADILLO4RTEST_NCORES=<number>
 
 Then reinstall the package
==========================================================================
** libs
specified C++20
using C++ compiler: ‘g++ (GCC) 15.2.1 20260123 (Red Hat 15.2.1-7)’
using C++20
g++ -std=gnu++20 -I"/opt/R/devel/lib/R/include" -DNDEBUG -DARMADILLO4R_SPARSE -I'/cache/R_libs/cpp4r/include' -I'/cache/R_libs/armadillo4r/include' -I'/opt/R/devel/lib/R/library/Matrix/include' -I/usr/local/include   -fopenmp  -DARMA_NO_DEBUG -DARMA_USE_BLAS -DARMA_USE_LAPACK -DARMA_USE_OPENMP -DARMA_OPENMP_THREADS=4 -DARMA_64BIT_WORD -DARMADILLO4RTEST_DEFAULT_OMP_THREADS=4 -fpic  -g -O2   -c cpp4r.cpp -o cpp4r.o
g++ -std=gnu++20 -I"/opt/R/devel/lib/R/include" -DNDEBUG -DARMADILLO4R_SPARSE -I'/cache/R_libs/cpp4r/include' -I'/cache/R_libs/armadillo4r/include' -I'/opt/R/devel/lib/R/library/Matrix/include' -I/usr/local/include   -fopenmp  -DARMA_NO_DEBUG -DARMA_USE_BLAS -DARMA_USE_LAPACK -DARMA_USE_OPENMP -DARMA_OPENMP_THREADS=4 -DARMA_64BIT_WORD -DARMADILLO4RTEST_DEFAULT_OMP_THREADS=4 -fpic  -g -O2   -c main.cpp -o main.o
g++ -std=gnu++20 -shared -L/opt/R/devel/lib/R/lib -L/usr/local/lib -o armadillo4rtest.so cpp4r.o main.o -fopenmp -lflexiblas -lgfortran -lm -lquadmath -L/opt/R/devel/lib/R/lib -lR
installing to /cache/R_libs/00LOCK-armadillo4rtest/00new/armadillo4rtest/libs
** R
** data
*** moving datasets to lazyload DB
** inst
** byte-compile and prepare package for lazy loading
** help
*** installing help indices
  converting help for package ‘armadillo4rtest’
    finding HTML links ... done
    abs1_                                   html  
    access1_                                html  
    accu1_                                  html  
    affmul1_                                html  
    all1_                                   html  
    any1_                                   html  
    approx_equal1_                          html  
    arg1_                                   html  
    armadillo4rtest-package                 html  
    as_col1_                                html  
    as_dense1_                              html  
    as_row1_                                html  
    as_scalar1_                             html  
    as_sexp_demo_                           html  
    attr1_                                  html  
    build_field_                            html  
    capm                                    html  
    chi2rnd1_                               html  
    chol1_                                  html  
    chol_mat                                html  
    clamp1_                                 html  
    clamp2_                                 html  
    clean1_                                 html  
    col_as_mat1_                            html  
    colptr1_                                html  
    column1_                                html  
    compatibility1_                         html  
    compatibility2_                         html  
    cond1_                                  html  
    conj1_                                  html  
    conv1_                                  html  
    conv2_                                  html  
    conv_to1_                               html  
    copy_size1_                             html  
    cor1_                                   html  
    cov1_                                   html  
    cross1_                                 html  
    cube1_                                  html  
    cube_col_means_                         html  
    cumprod1_                               html  
    cumsum1_                                html  
    det1_                                   html  
    diagmat1_                               html  
    diagonal1_                              html  
    diags1_                                 html  
    diagvec1_                               html  
    diff1_                                  html  
    dot1_                                   html  
    each_col1_                              html  
    each_row1_                              html  
    each_slice1_                            html  
    eig_gen1_                               html  
    eig_gen2_                               html  
    eig_pair1_                              html  
    eig_sym1_                               html  
    eig_sym2_                               html  
    eigen_gen_dbl_complex_wrapper           html  
    eigen_gen_mat                           html  
    eigen_gen_mat_complex_wrapper           html  
    eigen_gen_no_wrapper                    html  
    eigen_sym_dbl                           html  
    eigen_sym_mat                           html  
    eps1_                                   html  
    expmat1_                                html  
    expmat_sym1_                            html  
    eye1_                                   html  
    eye2_                                   html  
    fft1_                                   html  
    fft2_                                   html  
    field1_                                 html  
    field_imat_demo_                        html  
    field_mat_demo_                         html  
    field_str_demo_                         html  
    field_vec_demo_                         html  
    fill1_                                  html  
    find1_                                  html  
    find_finite1_                           html  
    find_nan1_                              html  
    find_nonfinite1_                        html  
    find_unique1_                           html  
    flip1_                                  html  
    fmat_example_                           html  
    for_each1_                              html  
    gmm1_                                   html  
    has_inf1_                               html  
    has_nan1_                               html  
    hess1_                                  html  
    hist1_                                  html  
    histc1_                                 html  
    imag1_                                  html  
    imbue1_                                 html  
    imbue2_                                 html  
    implicit_conversion_double              html  
    implicit_conversion_float               html  
    implicit_conversion_int                 html  
    implicit_conversion_uint                html  
    in_range1_                              html  
    ind2sub1_                               html  
    index_maxmin1_                          html  
    index_min1_                             html  
    initialization1_                        html  
    inplace_strans1_                        html  
    inplace_trans1_                         html  
    insert_columns1_                        html  
    insert_rows1_                           html  
    insert_slices1_                         html  
    integer_cube_roundtrip_                 html  
    integer_transpose_                      html  
    interp1_                                html  
    interp2_                                html  
    intersect1_                             html  
    inv1_                                   html  
    inv_sympd1_                             html  
    inverse1_                               html  
    is_diagonal1_                           html  
    is_empty1_                              html  
    is_finite1_                             html  
    is_hermitian1_                          html  
    is_sorted1_                             html  
    is_square1_                             html  
    is_symmetric1_                          html  
    is_sympd1_                              html  
    is_triangular1_                         html  
    is_vec1_                                html  
    is_zero1_                               html  
    iterators1_                             html  
    iterators2_                             html  
    iterators3_                             html  
    iterators4_                             html  
    iwishrnd1_                              html  
    join_cubes1_                            html  
    join_rows1_                             html  
    kmeans1_                                html  
    kron1_                                  html  
    linspace1_                              html  
    log_det1_                               html  
    log_det_sympd1_                         html  
    logmat1_                                html  
    logmat_sympd1_                          html  
    lognormpdf1_                            html  
    logspace1_                              html  
    lu1_                                    html  
    mat_demo_                               html  
    mat_out_demo_                           html  
    matrix1_                                html  
    matrix2_                                html  
    matrix_add_                             html  
    max1_                                   html  
    maxmin1_                                html  
    mean1_                                  html  
    median1_                                html  
    memptr1_                                html  
    misc1_                                  html  
    mtcars_mat                              html  
    mvnrnd1_                                html  
    nonzeros1_                              html  
    norm1_                                  html  
    norm2est1_                              html  
    normalise1_                             html  
    normcdf1_                               html  
    normpdf1_                               html  
    null1_                                  html  
    ols_                                    html  
    ols_dbl                                 html  
    ols_mat                                 html  
    ols_qr_dbl                              html  
    ols_qr_mat                              html  
    ols_simplified2_                        html  
    ols_simplified3_                        html  
    ols_simplified4_                        html  
    ols_simplified5_                        html  
    ols_simplified_                         html  
    ols_traditional_                        html  
    ones1_                                  html  
    ones2_                                  html  
    orth1_                                  html  
    pinv1_                                  html  
    poisson_                                html  
    polyfit1_                               html  
    polyval1_                               html  
    pow1_                                   html  
    powmat1_                                html  
    prod1_                                  html  
    qr1_                                    html  
    qr_econ1_                               html  
    quantile1_                              html  
    qz1_                                    html  
    randg3_                                 html  
    randn1_                                 html  
    randn2_                                 html  
    randn3_                                 html  
    random_cube_                            html  
    random_matrix_nxn                       html  
    randperm1_                              html  
    randu1_                                 html  
    randu2_                                 html  
    randu3_                                 html  
    range1_                                 html  
    rank1_                                  html  
    rcond1_                                 html  
    regspace1_                              html  
    repelem1_                               html  
    replace1_                               html  
    repmat1_                                html  
    reset1_                                 html  
    reshape1_                               html  
    reshape2_                               html  
    resize1_                                html  
    resize2_                                html  
    reverse1_                               html  
    roots1_                                 html  
    row1_                                   html  
    row_as_mat1_                            html  
    saveload1_                              html  
    saveload2_                              html  
    schur1_                                 html  
    set_imag1_                              html  
    set_real1_                              html  
    set_real2_                              html  
    set_size1_                              html  
    shed_columns1_                          html  
    shed_rows1_                             html  
    shed_slices1_                           html  
    shift1_                                 html  
    shuffle1_                               html  
    size1_                                  html  
    solve1_                                 html  
    sort1_                                  html  
    sort_index1_                            html  
    spdiags1_                               html  
    speye1_                                 html  
    spones1_                                html  
    sprandn1_                               html  
    sprandu1_                               html  
    spsolve1_                               html  
    sqrtmat1_                               html  
    sqrtmat_sympd1_                         html  
    stddev1_                                html  
    sub2ind1_                               html  
    subview1_                               html  
    subview2_                               html  
    sum1_                                   html  
    sum2_                                   html  
    svd1_                                   html  
    svd_econ1_                              html  
    svds1_                                  html  
    swap1_                                  html  
    swap_columns1_                          html  
    swap_rows1_                             html  
    syl1_                                   html  
    symmatu1_                               html  
    test_dgCMatrix_to_SpMat                 html  
    test_sparse_dims                        html  
    test_sparse_to_dgCMatrix                html  
    toeplitz1_                              html  
    trace1_                                 html  
    trans1_                                 html  
    transform1_                             html  
    transpose1_                             html  
    transpose2_                             html  
    trapz1_                                 html  
    trig1_                                  html  
    trimatu1_                               html  
    trimatu_ind1_                           html  
    typedef_Col_double                      html  
    typedef_Col_int                         html  
    typedef_Mat_double                      html  
    typedef_Mat_int                         html  
    typedef_SpMat_double                    html  
    typedef_SpMat_int                       html  
    typedef_dblmat_exchangeability          html  
    typedef_spmat_exchangeability           html  
    typedef_spmat_int_exchangeability       html  
    typedef_uvec                            html  
    unique1_                                html  
    uvec_example_                           html  
    var1_                                   html  
    vec_demo_                               html  
    vec_out_demo_                           html  
    vecnorm1_                               html  
    vectorise1_                             html  
    wishrnd1_                               html  
    zeros1_                                 html  
    zeros2_                                 html  
** building package indices
** testing if installed package can be loaded from temporary location
** checking absolute paths in shared objects and dynamic libraries
** testing if installed package can be loaded from final location
** testing if installed package keeps a record of temporary installation path
* DONE (armadillo4rtest)
* using log directory ‘/check/armadillo4rtest.Rcheck’
* using R Under development (unstable) (2026-05-12 r90049)
* using platform: x86_64-pc-linux-gnu
* R was compiled by
    gcc (GCC) 15.2.1 20260123 (Red Hat 15.2.1-7)
    GNU Fortran (GCC) 15.2.1 20260123 (Red Hat 15.2.1-7)
* running under: Fedora Linux 42 (Container Image)
* using session charset: UTF-8
* current time: 2026-08-12 09:32:20 UTC
* using options ‘--no-manual --as-cran’
* checking for file ‘armadillo4rtest/DESCRIPTION’ ... OK
* this is package ‘armadillo4rtest’ version ‘0.1.0’
* package encoding: UTF-8
* checking CRAN incoming feasibility ... NOTE
Maintainer: ‘Mauricio Vargas Sepulveda <m.vargas.sepulveda@gmail.com>’

New submission
* checking package namespace information ... OK
* checking package dependencies ... OK
* checking if this is a source package ... OK
* checking if there is a namespace ... OK
* checking for .dll and .exe files ... OK
* checking for hidden files and directories ... OK
* checking for portable file names ... OK
* checking for sufficient/correct file permissions ... OK
* checking whether package ‘armadillo4rtest’ can be installed ... [94s/95s] OK
* used C++ compiler: ‘g++ (GCC) 15.2.1 20260123 (Red Hat 15.2.1-7)’
* checking C++ specification ... INFO
  specified C++20
* checking package directory ... OK
* checking for future file timestamps ... OK
* checking DESCRIPTION meta-information ... OK
* checking top-level files ... OK
* checking for left-over files ... OK
* checking index information ... OK
* checking package subdirectories ... OK
* checking code files for non-ASCII characters ... OK
* checking R files for syntax errors ... OK
* checking whether the package can be loaded ... OK
* checking whether the package can be loaded with stated dependencies ... OK
* checking whether the package can be unloaded cleanly ... OK
* checking whether the namespace can be loaded with stated dependencies ... OK
* checking whether the namespace can be unloaded cleanly ... OK
* checking loading without being on the library search path ... OK
* checking use of S3 registration ... OK
* checking dependencies in R code ... OK
* checking S3 generic/method consistency ... OK
* checking replacement functions ... OK
* checking foreign function calls ... OK
* checking R code for possible problems ... OK
* checking Rd files ... OK
* checking Rd metadata ... OK
* checking Rd line widths ... OK
* checking Rd cross-references ... OK
* checking for missing documentation entries ... OK
* checking for code/documentation mismatches ... OK
* checking Rd \usage sections ... OK
* checking Rd contents ... OK
* checking for unstated dependencies in examples ... OK
* checking contents of ‘data’ directory ... OK
* checking data for non-ASCII characters ... OK
* checking LazyData ... OK
* checking data for ASCII and uncompressed saves ... OK
* checking line endings in shell scripts ... OK
* checking line endings in C/C++/Fortran sources/headers ... OK
* checking line endings in Makefiles ... OK
* checking compilation flags in Makevars ... OK
* checking for GNU extensions in Makefiles ... OK
* checking for portable use of $(BLAS_LIBS) and $(LAPACK_LIBS) ... OK
* checking use of PKG_*FLAGS in Makefiles ... OK
* checking use of SHLIB_OPENMP_*FLAGS in Makefiles ... OK
* checking pragmas in C/C++ headers and code ... OK
* checking compilation flags used ... OK
* checking compiled code ... OK
* checking examples ... NONE
* checking for unstated dependencies in ‘tests’ ... OK
* checking tests ...
  Running ‘tinytest.R’
 OK
* checking for non-standard things in the check directory ... OK
* checking for detritus in the temp directory ... OK
* DONE

Status: 1 NOTE
See
  ‘/check/armadillo4rtest.Rcheck/00check.log’
for details.

=== 00install.out ===
* installing *source* package ‘armadillo4rtest’ ...
** this is package ‘armadillo4rtest’ version ‘0.1.0’
** using staged installation
==========================================================================
armadillo4r configuration summary

  C++ Compiler:           g++
  C++ Standard:           CXX20
  OpenMP Support:         yes
  OpenMP Threads:         4
  SIMD Support:           AVX2
  Sparse Matrix Support:  yes (Matrix >= 1.6-2)
  BLAS:                   -lflexiblas
  LAPACK:                 
  High-Performance Mode:  no
  Optimization Flags:     
  Debug Flags:            

For faster computation
 
 Enable high-performance optimizations:
 export ARMADILLO4RTEST_OPTIMIZATIONS=yes
 
 Change thread count:
 export ARMADILLO4RTEST_NCORES=<number>
 
 Then reinstall the package
==========================================================================
** libs
specified C++20
using C++ compiler: ‘g++ (GCC) 15.2.1 20260123 (Red Hat 15.2.1-7)’
using C++20
g++ -std=gnu++20 -I"/opt/R/devel/lib/R/include" -DNDEBUG -DARMADILLO4R_SPARSE -I'/cache/R_libs/cpp4r/include' -I'/cache/R_libs/armadillo4r/include' -I'/opt/R/devel/lib/R/library/Matrix/include' -I/usr/local/include   -fopenmp  -DARMA_NO_DEBUG -DARMA_USE_BLAS -DARMA_USE_LAPACK -DARMA_USE_OPENMP -DARMA_OPENMP_THREADS=4 -DARMA_64BIT_WORD -DARMADILLO4RTEST_DEFAULT_OMP_THREADS=4 -fpic  -g -O2   -c cpp4r.cpp -o cpp4r.o
g++ -std=gnu++20 -I"/opt/R/devel/lib/R/include" -DNDEBUG -DARMADILLO4R_SPARSE -I'/cache/R_libs/cpp4r/include' -I'/cache/R_libs/armadillo4r/include' -I'/opt/R/devel/lib/R/library/Matrix/include' -I/usr/local/include   -fopenmp  -DARMA_NO_DEBUG -DARMA_USE_BLAS -DARMA_USE_LAPACK -DARMA_USE_OPENMP -DARMA_OPENMP_THREADS=4 -DARMA_64BIT_WORD -DARMADILLO4RTEST_DEFAULT_OMP_THREADS=4 -fpic  -g -O2   -c main.cpp -o main.o
g++ -std=gnu++20 -shared -L/opt/R/devel/lib/R/lib -L/usr/local/lib -o armadillo4rtest.so cpp4r.o main.o -fopenmp -lflexiblas -lgfortran -lm -lquadmath -L/opt/R/devel/lib/R/lib -lR
installing to /check/armadillo4rtest.Rcheck/00LOCK-armadillo4rtest/00new/armadillo4rtest/libs
** R
** data
*** moving datasets to lazyload DB
** inst
** byte-compile and prepare package for lazy loading
** help
*** installing help indices
  converting help for package ‘armadillo4rtest’
    finding HTML links ... done
    abs1_                                   html  
    access1_                                html  
    accu1_                                  html  
    affmul1_                                html  
    all1_                                   html  
    any1_                                   html  
    approx_equal1_                          html  
    arg1_                                   html  
    armadillo4rtest-package                 html  
    as_col1_                                html  
    as_dense1_                              html  
    as_row1_                                html  
    as_scalar1_                             html  
    as_sexp_demo_                           html  
    attr1_                                  html  
    build_field_                            html  
    capm                                    html  
    chi2rnd1_                               html  
    chol1_                                  html  
    chol_mat                                html  
    clamp1_                                 html  
    clamp2_                                 html  
    clean1_                                 html  
    col_as_mat1_                            html  
    colptr1_                                html  
    column1_                                html  
    compatibility1_                         html  
    compatibility2_                         html  
    cond1_                                  html  
    conj1_                                  html  
    conv1_                                  html  
    conv2_                                  html  
    conv_to1_                               html  
    copy_size1_                             html  
    cor1_                                   html  
    cov1_                                   html  
    cross1_                                 html  
    cube1_                                  html  
    cube_col_means_                         html  
    cumprod1_                               html  
    cumsum1_                                html  
    det1_                                   html  
    diagmat1_                               html  
    diagonal1_                              html  
    diags1_                                 html  
    diagvec1_                               html  
    diff1_                                  html  
    dot1_                                   html  
    each_col1_                              html  
    each_row1_                              html  
    each_slice1_                            html  
    eig_gen1_                               html  
    eig_gen2_                               html  
    eig_pair1_                              html  
    eig_sym1_                               html  
    eig_sym2_                               html  
    eigen_gen_dbl_complex_wrapper           html  
    eigen_gen_mat                           html  
    eigen_gen_mat_complex_wrapper           html  
    eigen_gen_no_wrapper                    html  
    eigen_sym_dbl                           html  
    eigen_sym_mat                           html  
    eps1_                                   html  
    expmat1_                                html  
    expmat_sym1_                            html  
    eye1_                                   html  
    eye2_                                   html  
    fft1_                                   html  
    fft2_                                   html  
    field1_                                 html  
    field_imat_demo_                        html  
    field_mat_demo_                         html  
    field_str_demo_                         html  
    field_vec_demo_                         html  
    fill1_                                  html  
    find1_                                  html  
    find_finite1_                           html  
    find_nan1_                              html  
    find_nonfinite1_                        html  
    find_unique1_                           html  
    flip1_                                  html  
    fmat_example_                           html  
    for_each1_                              html  
    gmm1_                                   html  
    has_inf1_                               html  
    has_nan1_                               html  
    hess1_                                  html  
    hist1_                                  html  
    histc1_                                 html  
    imag1_                                  html  
    imbue1_                                 html  
    imbue2_                                 html  
    implicit_conversion_double              html  
    implicit_conversion_float               html  
    implicit_conversion_int                 html  
    implicit_conversion_uint                html  
    in_range1_                              html  
    ind2sub1_                               html  
    index_maxmin1_                          html  
    index_min1_                             html  
    initialization1_                        html  
    inplace_strans1_                        html  
    inplace_trans1_                         html  
    insert_columns1_                        html  
    insert_rows1_                           html  
    insert_slices1_                         html  
    integer_cube_roundtrip_                 html  
    integer_transpose_                      html  
    interp1_                                html  
    interp2_                                html  
    intersect1_                             html  
    inv1_                                   html  
    inv_sympd1_                             html  
    inverse1_                               html  
    is_diagonal1_                           html  
    is_empty1_                              html  
    is_finite1_                             html  
    is_hermitian1_                          html  
    is_sorted1_                             html  
    is_square1_                             html  
    is_symmetric1_                          html  
    is_sympd1_                              html  
    is_triangular1_                         html  
    is_vec1_                                html  
    is_zero1_                               html  
    iterators1_                             html  
    iterators2_                             html  
    iterators3_                             html  
    iterators4_                             html  
    iwishrnd1_                              html  
    join_cubes1_                            html  
    join_rows1_                             html  
    kmeans1_                                html  
    kron1_                                  html  
    linspace1_                              html  
    log_det1_                               html  
    log_det_sympd1_                         html  
    logmat1_                                html  
    logmat_sympd1_                          html  
    lognormpdf1_                            html  
    logspace1_                              html  
    lu1_                                    html  
    mat_demo_                               html  
    mat_out_demo_                           html  
    matrix1_                                html  
    matrix2_                                html  
    matrix_add_                             html  
    max1_                                   html  
    maxmin1_                                html  
    mean1_                                  html  
    median1_                                html  
    memptr1_                                html  
    misc1_                                  html  
    mtcars_mat                              html  
    mvnrnd1_                                html  
    nonzeros1_                              html  
    norm1_                                  html  
    norm2est1_                              html  
    normalise1_                             html  
    normcdf1_                               html  
    normpdf1_                               html  
    null1_                                  html  
    ols_                                    html  
    ols_dbl                                 html  
    ols_mat                                 html  
    ols_qr_dbl                              html  
    ols_qr_mat                              html  
    ols_simplified2_                        html  
    ols_simplified3_                        html  
    ols_simplified4_                        html  
    ols_simplified5_                        html  
    ols_simplified_                         html  
    ols_traditional_                        html  
    ones1_                                  html  
    ones2_                                  html  
    orth1_                                  html  
    pinv1_                                  html  
    poisson_                                html  
    polyfit1_                               html  
    polyval1_                               html  
    pow1_                                   html  
    powmat1_                                html  
    prod1_                                  html  
    qr1_                                    html  
    qr_econ1_                               html  
    quantile1_                              html  
    qz1_                                    html  
    randg3_                                 html  
    randn1_                                 html  
    randn2_                                 html  
    randn3_                                 html  
    random_cube_                            html  
    random_matrix_nxn                       html  
    randperm1_                              html  
    randu1_                                 html  
    randu2_                                 html  
    randu3_                                 html  
    range1_                                 html  
    rank1_                                  html  
    rcond1_                                 html  
    regspace1_                              html  
    repelem1_                               html  
    replace1_                               html  
    repmat1_                                html  
    reset1_                                 html  
    reshape1_                               html  
    reshape2_                               html  
    resize1_                                html  
    resize2_                                html  
    reverse1_                               html  
    roots1_                                 html  
    row1_                                   html  
    row_as_mat1_                            html  
    saveload1_                              html  
    saveload2_                              html  
    schur1_                                 html  
    set_imag1_                              html  
    set_real1_                              html  
    set_real2_                              html  
    set_size1_                              html  
    shed_columns1_                          html  
    shed_rows1_                             html  
    shed_slices1_                           html  
    shift1_                                 html  
    shuffle1_                               html  
    size1_                                  html  
    solve1_                                 html  
    sort1_                                  html  
    sort_index1_                            html  
    spdiags1_                               html  
    speye1_                                 html  
    spones1_                                html  
    sprandn1_                               html  
    sprandu1_                               html  
    spsolve1_                               html  
    sqrtmat1_                               html  
    sqrtmat_sympd1_                         html  
    stddev1_                                html  
    sub2ind1_                               html  
    subview1_                               html  
    subview2_                               html  
    sum1_                                   html  
    sum2_                                   html  
    svd1_                                   html  
    svd_econ1_                              html  
    svds1_                                  html  
    swap1_                                  html  
    swap_columns1_                          html  
    swap_rows1_                             html  
    syl1_                                   html  
    symmatu1_                               html  
    test_dgCMatrix_to_SpMat                 html  
    test_sparse_dims                        html  
    test_sparse_to_dgCMatrix                html  
    toeplitz1_                              html  
    trace1_                                 html  
    trans1_                                 html  
    transform1_                             html  
    transpose1_                             html  
    transpose2_                             html  
    trapz1_                                 html  
    trig1_                                  html  
    trimatu1_                               html  
    trimatu_ind1_                           html  
    typedef_Col_double                      html  
    typedef_Col_int                         html  
    typedef_Mat_double                      html  
    typedef_Mat_int                         html  
    typedef_SpMat_double                    html  
    typedef_SpMat_int                       html  
    typedef_dblmat_exchangeability          html  
    typedef_spmat_exchangeability           html  
    typedef_spmat_int_exchangeability       html  
    typedef_uvec                            html  
    unique1_                                html  
    uvec_example_                           html  
    var1_                                   html  
    vec_demo_                               html  
    vec_out_demo_                           html  
    vecnorm1_                               html  
    vectorise1_                             html  
    wishrnd1_                               html  
    zeros1_                                 html  
    zeros2_                                 html  
** building package indices
** testing if installed package can be loaded from temporary location
** checking absolute paths in shared objects and dynamic libraries
** testing if installed package can be loaded from final location
** testing if installed package keeps a record of temporary installation path
* DONE (armadillo4rtest)
=== 00check.log ===
* using log directory ‘/check/armadillo4rtest.Rcheck’
* using R Under development (unstable) (2026-05-12 r90049)
* using platform: x86_64-pc-linux-gnu
* R was compiled by
    gcc (GCC) 15.2.1 20260123 (Red Hat 15.2.1-7)
    GNU Fortran (GCC) 15.2.1 20260123 (Red Hat 15.2.1-7)
* running under: Fedora Linux 42 (Container Image)
* using session charset: UTF-8
* current time: 2026-08-12 09:32:20 UTC
* using options ‘--no-manual --as-cran’
* checking for file ‘armadillo4rtest/DESCRIPTION’ ... OK
* this is package ‘armadillo4rtest’ version ‘0.1.0’
* package encoding: UTF-8
* checking CRAN incoming feasibility ... NOTE
Maintainer: ‘Mauricio Vargas Sepulveda <m.vargas.sepulveda@gmail.com>’

New submission
* checking package namespace information ... OK
* checking package dependencies ... OK
* checking if this is a source package ... OK
* checking if there is a namespace ... OK
* checking for .dll and .exe files ... OK
* checking for hidden files and directories ... OK
* checking for portable file names ... OK
* checking for sufficient/correct file permissions ... OK
* checking whether package ‘armadillo4rtest’ can be installed ... [94s/95s] OK
* used C++ compiler: ‘g++ (GCC) 15.2.1 20260123 (Red Hat 15.2.1-7)’
* checking C++ specification ... INFO
  specified C++20
* checking package directory ... OK
* checking for future file timestamps ... OK
* checking DESCRIPTION meta-information ... OK
* checking top-level files ... OK
* checking for left-over files ... OK
* checking index information ... OK
* checking package subdirectories ... OK
* checking code files for non-ASCII characters ... OK
* checking R files for syntax errors ... OK
* checking whether the package can be loaded ... OK
* checking whether the package can be loaded with stated dependencies ... OK
* checking whether the package can be unloaded cleanly ... OK
* checking whether the namespace can be loaded with stated dependencies ... OK
* checking whether the namespace can be unloaded cleanly ... OK
* checking loading without being on the library search path ... OK
* checking use of S3 registration ... OK
* checking dependencies in R code ... OK
* checking S3 generic/method consistency ... OK
* checking replacement functions ... OK
* checking foreign function calls ... OK
* checking R code for possible problems ... OK
* checking Rd files ... OK
* checking Rd metadata ... OK
* checking Rd line widths ... OK
* checking Rd cross-references ... OK
* checking for missing documentation entries ... OK
* checking for code/documentation mismatches ... OK
* checking Rd \usage sections ... OK
* checking Rd contents ... OK
* checking for unstated dependencies in examples ... OK
* checking contents of ‘data’ directory ... OK
* checking data for non-ASCII characters ... OK
* checking LazyData ... OK
* checking data for ASCII and uncompressed saves ... OK
* checking line endings in shell scripts ... OK
* checking line endings in C/C++/Fortran sources/headers ... OK
* checking line endings in Makefiles ... OK
* checking compilation flags in Makevars ... OK
* checking for GNU extensions in Makefiles ... OK
* checking for portable use of $(BLAS_LIBS) and $(LAPACK_LIBS) ... OK
* checking use of PKG_*FLAGS in Makefiles ... OK
* checking use of SHLIB_OPENMP_*FLAGS in Makefiles ... OK
* checking pragmas in C/C++ headers and code ... OK
* checking compilation flags used ... OK
* checking compiled code ... OK
* checking examples ... NONE
* checking for unstated dependencies in ‘tests’ ... OK
* checking tests ... OK
  Running ‘tinytest.R’
* checking for non-standard things in the check directory ... OK
* checking for detritus in the temp directory ... OK
* DONE
Status: 1 NOTE
