** this is package ‘armadillo4r’ version ‘1.0.0’
** package ‘armadillo4r’ successfully unpacked and MD5 sums checked
** using staged installation
** R
** inst
** byte-compile and prepare package for lazy loading
** help
*** installing help indices
*** copying figures
** building package indices
** testing if installed package can be loaded from temporary location
** testing if installed package can be loaded from final location
** testing if installed package keeps a record of temporary installation path
* DONE (armadillo4r)

The downloaded source packages are in
	‘/tmp/RtmpdNA4q8/downloaded_packages’
trying URL 'https://cloud.r-project.org/src/contrib/curl_7.1.0.tar.gz'
Content type 'application/x-gzip' length 717725 bytes (700 KB)
==================================================
downloaded 700 KB

* installing *source* package ‘curl’ ...
** this is package ‘curl’ version ‘7.1.0’
** package ‘curl’ successfully unpacked and MD5 sums checked
** using staged installation
Found pkg-config cflags and libs!
Using PKG_CFLAGS=-I/usr/include/x86_64-linux-gnu
Using PKG_LIBS=-lcurl
** libs
using C compiler: ‘Ubuntu clang version 21.1.8 (++20251221032842+2078da43e25a-1~exp1~20251221153008.77)’
clang-21 -I"/opt/R/devel/lib/R/include" -DNDEBUG -I/usr/include/x86_64-linux-gnu -DSTRICT_R_HEADERS -DR_NO_REMAP  -I/usr/local/include   -fvisibility=hidden -fpic  -O3 -Wall -pedantic -Wp,-D_FORTIFY_SOURCE=3 -c callbacks.c -o callbacks.o
clang-21 -I"/opt/R/devel/lib/R/include" -DNDEBUG -I/usr/include/x86_64-linux-gnu -DSTRICT_R_HEADERS -DR_NO_REMAP  -I/usr/local/include   -fvisibility=hidden -fpic  -O3 -Wall -pedantic -Wp,-D_FORTIFY_SOURCE=3 -c curl.c -o curl.o
clang-21 -I"/opt/R/devel/lib/R/include" -DNDEBUG -I/usr/include/x86_64-linux-gnu -DSTRICT_R_HEADERS -DR_NO_REMAP  -I/usr/local/include   -fvisibility=hidden -fpic  -O3 -Wall -pedantic -Wp,-D_FORTIFY_SOURCE=3 -c download.c -o download.o
clang-21 -I"/opt/R/devel/lib/R/include" -DNDEBUG -I/usr/include/x86_64-linux-gnu -DSTRICT_R_HEADERS -DR_NO_REMAP  -I/usr/local/include   -fvisibility=hidden -fpic  -O3 -Wall -pedantic -Wp,-D_FORTIFY_SOURCE=3 -c dryrun.c -o dryrun.o
clang-21 -I"/opt/R/devel/lib/R/include" -DNDEBUG -I/usr/include/x86_64-linux-gnu -DSTRICT_R_HEADERS -DR_NO_REMAP  -I/usr/local/include   -fvisibility=hidden -fpic  -O3 -Wall -pedantic -Wp,-D_FORTIFY_SOURCE=3 -c escape.c -o escape.o
clang-21 -I"/opt/R/devel/lib/R/include" -DNDEBUG -I/usr/include/x86_64-linux-gnu -DSTRICT_R_HEADERS -DR_NO_REMAP  -I/usr/local/include   -fvisibility=hidden -fpic  -O3 -Wall -pedantic -Wp,-D_FORTIFY_SOURCE=3 -c fetch.c -o fetch.o
clang-21 -I"/opt/R/devel/lib/R/include" -DNDEBUG -I/usr/include/x86_64-linux-gnu -DSTRICT_R_HEADERS -DR_NO_REMAP  -I/usr/local/include   -fvisibility=hidden -fpic  -O3 -Wall -pedantic -Wp,-D_FORTIFY_SOURCE=3 -c findport.c -o findport.o
clang-21 -I"/opt/R/devel/lib/R/include" -DNDEBUG -I/usr/include/x86_64-linux-gnu -DSTRICT_R_HEADERS -DR_NO_REMAP  -I/usr/local/include   -fvisibility=hidden -fpic  -O3 -Wall -pedantic -Wp,-D_FORTIFY_SOURCE=3 -c form.c -o form.o
clang-21 -I"/opt/R/devel/lib/R/include" -DNDEBUG -I/usr/include/x86_64-linux-gnu -DSTRICT_R_HEADERS -DR_NO_REMAP  -I/usr/local/include   -fvisibility=hidden -fpic  -O3 -Wall -pedantic -Wp,-D_FORTIFY_SOURCE=3 -c getdate.c -o getdate.o
clang-21 -I"/opt/R/devel/lib/R/include" -DNDEBUG -I/usr/include/x86_64-linux-gnu -DSTRICT_R_HEADERS -DR_NO_REMAP  -I/usr/local/include   -fvisibility=hidden -fpic  -O3 -Wall -pedantic -Wp,-D_FORTIFY_SOURCE=3 -c handle.c -o handle.o
clang-21 -I"/opt/R/devel/lib/R/include" -DNDEBUG -I/usr/include/x86_64-linux-gnu -DSTRICT_R_HEADERS -DR_NO_REMAP  -I/usr/local/include   -fvisibility=hidden -fpic  -O3 -Wall -pedantic -Wp,-D_FORTIFY_SOURCE=3 -c ieproxy.c -o ieproxy.o
clang-21 -I"/opt/R/devel/lib/R/include" -DNDEBUG -I/usr/include/x86_64-linux-gnu -DSTRICT_R_HEADERS -DR_NO_REMAP  -I/usr/local/include   -fvisibility=hidden -fpic  -O3 -Wall -pedantic -Wp,-D_FORTIFY_SOURCE=3 -c init.c -o init.o
clang-21 -I"/opt/R/devel/lib/R/include" -DNDEBUG -I/usr/include/x86_64-linux-gnu -DSTRICT_R_HEADERS -DR_NO_REMAP  -I/usr/local/include   -fvisibility=hidden -fpic  -O3 -Wall -pedantic -Wp,-D_FORTIFY_SOURCE=3 -c interrupt.c -o interrupt.o
clang-21 -I"/opt/R/devel/lib/R/include" -DNDEBUG -I/usr/include/x86_64-linux-gnu -DSTRICT_R_HEADERS -DR_NO_REMAP  -I/usr/local/include   -fvisibility=hidden -fpic  -O3 -Wall -pedantic -Wp,-D_FORTIFY_SOURCE=3 -c multi.c -o multi.o
clang-21 -I"/opt/R/devel/lib/R/include" -DNDEBUG -I/usr/include/x86_64-linux-gnu -DSTRICT_R_HEADERS -DR_NO_REMAP  -I/usr/local/include   -fvisibility=hidden -fpic  -O3 -Wall -pedantic -Wp,-D_FORTIFY_SOURCE=3 -c nslookup.c -o nslookup.o
clang-21 -I"/opt/R/devel/lib/R/include" -DNDEBUG -I/usr/include/x86_64-linux-gnu -DSTRICT_R_HEADERS -DR_NO_REMAP  -I/usr/local/include   -fvisibility=hidden -fpic  -O3 -Wall -pedantic -Wp,-D_FORTIFY_SOURCE=3 -c options.c -o options.o
clang-21 -I"/opt/R/devel/lib/R/include" -DNDEBUG -I/usr/include/x86_64-linux-gnu -DSTRICT_R_HEADERS -DR_NO_REMAP  -I/usr/local/include   -fvisibility=hidden -fpic  -O3 -Wall -pedantic -Wp,-D_FORTIFY_SOURCE=3 -c reflist.c -o reflist.o
clang-21 -I"/opt/R/devel/lib/R/include" -DNDEBUG -I/usr/include/x86_64-linux-gnu -DSTRICT_R_HEADERS -DR_NO_REMAP  -I/usr/local/include   -fvisibility=hidden -fpic  -O3 -Wall -pedantic -Wp,-D_FORTIFY_SOURCE=3 -c split.c -o split.o
clang-21 -I"/opt/R/devel/lib/R/include" -DNDEBUG -I/usr/include/x86_64-linux-gnu -DSTRICT_R_HEADERS -DR_NO_REMAP  -I/usr/local/include   -fvisibility=hidden -fpic  -O3 -Wall -pedantic -Wp,-D_FORTIFY_SOURCE=3 -c ssl.c -o ssl.o
clang-21 -I"/opt/R/devel/lib/R/include" -DNDEBUG -I/usr/include/x86_64-linux-gnu -DSTRICT_R_HEADERS -DR_NO_REMAP  -I/usr/local/include   -fvisibility=hidden -fpic  -O3 -Wall -pedantic -Wp,-D_FORTIFY_SOURCE=3 -c typechecking.c -o typechecking.o
clang-21 -I"/opt/R/devel/lib/R/include" -DNDEBUG -I/usr/include/x86_64-linux-gnu -DSTRICT_R_HEADERS -DR_NO_REMAP  -I/usr/local/include   -fvisibility=hidden -fpic  -O3 -Wall -pedantic -Wp,-D_FORTIFY_SOURCE=3 -c urlparser.c -o urlparser.o
clang-21 -I"/opt/R/devel/lib/R/include" -DNDEBUG -I/usr/include/x86_64-linux-gnu -DSTRICT_R_HEADERS -DR_NO_REMAP  -I/usr/local/include   -fvisibility=hidden -fpic  -O3 -Wall -pedantic -Wp,-D_FORTIFY_SOURCE=3 -c utils.c -o utils.o
clang-21 -I"/opt/R/devel/lib/R/include" -DNDEBUG -I/usr/include/x86_64-linux-gnu -DSTRICT_R_HEADERS -DR_NO_REMAP  -I/usr/local/include   -fvisibility=hidden -fpic  -O3 -Wall -pedantic -Wp,-D_FORTIFY_SOURCE=3 -c version.c -o version.o
clang-21 -I"/opt/R/devel/lib/R/include" -DNDEBUG -I/usr/include/x86_64-linux-gnu -DSTRICT_R_HEADERS -DR_NO_REMAP  -I/usr/local/include   -fvisibility=hidden -fpic  -O3 -Wall -pedantic -Wp,-D_FORTIFY_SOURCE=3 -c winidn.c -o winidn.o
clang-21 -I"/opt/R/devel/lib/R/include" -DNDEBUG -I/usr/include/x86_64-linux-gnu -DSTRICT_R_HEADERS -DR_NO_REMAP  -I/usr/local/include   -fvisibility=hidden -fpic  -O3 -Wall -pedantic -Wp,-D_FORTIFY_SOURCE=3 -c writer.c -o writer.o
clang-21 -shared -L/opt/R/devel/lib/R/lib -L/usr/local/lib -o curl.so callbacks.o curl.o download.o dryrun.o escape.o fetch.o findport.o form.o getdate.o handle.o ieproxy.o init.o interrupt.o multi.o nslookup.o options.o reflist.o split.o ssl.o typechecking.o urlparser.o utils.o version.o winidn.o writer.o -lcurl -L/opt/R/devel/lib/R/lib -lR
installing to /cache/R_libs/00LOCK-curl/00new/curl/libs
** R
** inst
** byte-compile and prepare package for lazy loading
** help
*** installing help indices
** building package indices
** installing vignettes
** testing if installed package can be loaded from temporary location
** checking absolute paths in shared objects and dynamic libraries
** testing if installed package can be loaded from final location
** testing if installed package keeps a record of temporary installation path
* DONE (curl)

The downloaded source packages are in
	‘/tmp/Rtmp7JM7K9/downloaded_packages’
* installing *source* package ‘cpp4r’ ...
** this is package ‘cpp4r’ version ‘1.2.0’
** using staged installation
** R
** inst
** byte-compile and prepare package for lazy loading
** help
*** installing help indices
*** copying figures
** building package indices
** installing vignettes
** testing if installed package can be loaded from temporary location
** testing if installed package can be loaded from final location
** testing if installed package keeps a record of temporary installation path
* DONE (cpp4r)
* installing *source* package ‘armadillo4r’ ...
** this is package ‘armadillo4r’ version ‘1.1.0’
** using staged installation
** R
** inst
** byte-compile and prepare package for lazy loading
** help
*** installing help indices
*** copying figures
** building package indices
** installing vignettes
** testing if installed package can be loaded from temporary location
** testing if installed package can be loaded from final location
** testing if installed package keeps a record of temporary installation path
* DONE (armadillo4r)
* installing *source* package ‘armadillo4rtest’ ...
** this is package ‘armadillo4rtest’ version ‘0.1.0’
** using staged installation
==========================================================================
armadillo4r configuration summary

  C++ Compiler:           clang++-21 -stdlib=libc++
  C++ Standard:           CXX20
  OpenMP Support:         yes
  OpenMP Threads:         4
  SIMD Support:           AVX2
  Sparse Matrix Support:  yes (Matrix >= 1.6-2)
  BLAS:                   -lblas
  LAPACK:                 -llapack
  High-Performance Mode:  no
  Optimization Flags:     
  Debug Flags:            

For faster computation
 
 Enable high-performance optimizations:
 export ARMADILLO4RTEST_OPTIMIZATIONS=yes
 
 Change thread count:
 export ARMADILLO4RTEST_NCORES=<number>
 
 Then reinstall the package
==========================================================================
** libs
specified C++20
using C++ compiler: ‘Ubuntu clang version 21.1.8 (++20251221032842+2078da43e25a-1~exp1~20251221153008.77)’
using C++20
clang++-21 -stdlib=libc++ -std=gnu++20 -I"/opt/R/devel/lib/R/include" -DNDEBUG -DARMADILLO4R_SPARSE -I'/cache/R_libs/cpp4r/include' -I'/cache/R_libs/armadillo4r/include' -I'/opt/R/devel/lib/R/library/Matrix/include' -I/usr/local/include   -fopenmp  -DARMA_NO_DEBUG -DARMA_USE_BLAS -DARMA_USE_LAPACK -DARMA_USE_OPENMP -DARMA_OPENMP_THREADS=4 -DARMA_64BIT_WORD -DARMADILLO4RTEST_DEFAULT_OMP_THREADS=4 -fpic  -O3 -Wall -pedantic -frtti -Wp,-D_FORTIFY_SOURCE=3  -c cpp4r.cpp -o cpp4r.o
clang++-21 -stdlib=libc++ -std=gnu++20 -I"/opt/R/devel/lib/R/include" -DNDEBUG -DARMADILLO4R_SPARSE -I'/cache/R_libs/cpp4r/include' -I'/cache/R_libs/armadillo4r/include' -I'/opt/R/devel/lib/R/library/Matrix/include' -I/usr/local/include   -fopenmp  -DARMA_NO_DEBUG -DARMA_USE_BLAS -DARMA_USE_LAPACK -DARMA_USE_OPENMP -DARMA_OPENMP_THREADS=4 -DARMA_64BIT_WORD -DARMADILLO4RTEST_DEFAULT_OMP_THREADS=4 -fpic  -O3 -Wall -pedantic -frtti -Wp,-D_FORTIFY_SOURCE=3  -c main.cpp -o main.o
clang++-21 -stdlib=libc++ -std=gnu++20 -shared -L/opt/R/devel/lib/R/lib -L/usr/local/lib -o armadillo4rtest.so cpp4r.o main.o -fopenmp -llapack -lblas -L/usr/lib/llvm-21/lib -lFortranDecimal -lm -L/opt/R/devel/lib/R/lib -lR
installing to /cache/R_libs/00LOCK-armadillo4rtest/00new/armadillo4rtest/libs
** R
** data
*** moving datasets to lazyload DB
** inst
** byte-compile and prepare package for lazy loading
** help
*** installing help indices
** building package indices
** testing if installed package can be loaded from temporary location
** checking absolute paths in shared objects and dynamic libraries
** testing if installed package can be loaded from final location
** testing if installed package keeps a record of temporary installation path
* DONE (armadillo4rtest)
* using log directory ‘/check/armadillo4rtest.Rcheck’
* using R Under development (unstable) (2026-05-14 r90050)
* using platform: x86_64-pc-linux-gnu
* R was compiled by
    gcc (Ubuntu 11.4.0-1ubuntu1~22.04.3) 11.4.0
    GNU Fortran (Ubuntu 11.4.0-1ubuntu1~22.04.3) 11.4.0
* running under: Ubuntu 22.04.5 LTS
* using session charset: UTF-8
* current time: 2026-08-12 09:52:08 UTC
* using options ‘--no-manual --as-cran’
* checking for file ‘armadillo4rtest/DESCRIPTION’ ... OK
* this is package ‘armadillo4rtest’ version ‘0.1.0’
* package encoding: UTF-8
* checking CRAN incoming feasibility ... NOTE
Maintainer: ‘Mauricio Vargas Sepulveda <m.vargas.sepulveda@gmail.com>’

New submission
* checking package namespace information ... OK
* checking package dependencies ... OK
* checking if this is a source package ... OK
* checking if there is a namespace ... OK
* checking for executable files ... OK
* checking for hidden files and directories ... OK
* checking for portable file names ... OK
* checking for sufficient/correct file permissions ... OK
* checking whether package ‘armadillo4rtest’ can be installed ... [60s/53s] OK
* used C++ compiler: ‘Ubuntu clang version 21.1.8 (++20251221032842+2078da43e25a-1~exp1~20251221153008.77)’
* checking C++ specification ... INFO
  specified C++20
* checking installed package size ... OK
* checking package directory ... OK
* checking for future file timestamps ... OK
* checking DESCRIPTION meta-information ... OK
* checking top-level files ... OK
* checking for left-over files ... OK
* checking index information ... OK
* checking package subdirectories ... OK
* checking code files for non-ASCII characters ... OK
* checking R files for syntax errors ... OK
* checking whether the package can be loaded ... OK
* checking whether the package can be loaded with stated dependencies ... OK
* checking whether the package can be unloaded cleanly ... OK
* checking whether the namespace can be loaded with stated dependencies ... OK
* checking whether the namespace can be unloaded cleanly ... OK
* checking loading without being on the library search path ... OK
* checking use of S3 registration ... OK
* checking dependencies in R code ... OK
* checking S3 generic/method consistency ... OK
* checking replacement functions ... OK
* checking foreign function calls ... OK
* checking R code for possible problems ... OK
* checking Rd files ... OK
* checking Rd metadata ... OK
* checking Rd line widths ... OK
* checking Rd cross-references ... OK
* checking for missing documentation entries ... OK
* checking for code/documentation mismatches ... OK
* checking Rd \usage sections ... OK
* checking Rd contents ... OK
* checking for unstated dependencies in examples ... OK
* checking contents of ‘data’ directory ... OK
* checking data for non-ASCII characters ... OK
* checking LazyData ... OK
* checking data for ASCII and uncompressed saves ... OK
* checking line endings in shell scripts ... OK
* checking line endings in C/C++/Fortran sources/headers ... OK
* checking line endings in Makefiles ... OK
* checking compilation flags in Makevars ... OK
* checking for GNU extensions in Makefiles ... OK
* checking for portable use of $(BLAS_LIBS) and $(LAPACK_LIBS) ... OK
* checking use of PKG_*FLAGS in Makefiles ... OK
* checking use of SHLIB_OPENMP_*FLAGS in Makefiles ... OK
* checking pragmas in C/C++ headers and code ... OK
* checking compilation flags used ... NOTE
Compilation used the following non-portable flag(s):
  ‘-Wp,-D_FORTIFY_SOURCE=3’
* checking compiled code ... OK
* checking examples ... NONE
* checking for unstated dependencies in ‘tests’ ... OK
* checking tests ...
  Running ‘tinytest.R’
 OK
* checking for non-standard things in the check directory ... OK
* checking for detritus in the temp directory ... OK
* DONE

Status: 2 NOTEs
See
  ‘/check/armadillo4rtest.Rcheck/00check.log’
for details.

=== 00install.out ===
* installing *source* package ‘armadillo4rtest’ ...
** this is package ‘armadillo4rtest’ version ‘0.1.0’
** using staged installation
==========================================================================
armadillo4r configuration summary

  C++ Compiler:           clang++-21 -stdlib=libc++
  C++ Standard:           CXX20
  OpenMP Support:         yes
  OpenMP Threads:         4
  SIMD Support:           AVX2
  Sparse Matrix Support:  yes (Matrix >= 1.6-2)
  BLAS:                   -lblas
  LAPACK:                 -llapack
  High-Performance Mode:  no
  Optimization Flags:     
  Debug Flags:            

For faster computation
 
 Enable high-performance optimizations:
 export ARMADILLO4RTEST_OPTIMIZATIONS=yes
 
 Change thread count:
 export ARMADILLO4RTEST_NCORES=<number>
 
 Then reinstall the package
==========================================================================
** libs
specified C++20
using C++ compiler: ‘Ubuntu clang version 21.1.8 (++20251221032842+2078da43e25a-1~exp1~20251221153008.77)’
using C++20
clang++-21 -stdlib=libc++ -std=gnu++20 -I"/opt/R/devel/lib/R/include" -DNDEBUG -DARMADILLO4R_SPARSE -I'/cache/R_libs/cpp4r/include' -I'/cache/R_libs/armadillo4r/include' -I'/opt/R/devel/lib/R/library/Matrix/include' -I/usr/local/include   -fopenmp  -DARMA_NO_DEBUG -DARMA_USE_BLAS -DARMA_USE_LAPACK -DARMA_USE_OPENMP -DARMA_OPENMP_THREADS=4 -DARMA_64BIT_WORD -DARMADILLO4RTEST_DEFAULT_OMP_THREADS=4 -fpic  -O3 -Wall -pedantic -frtti -Wp,-D_FORTIFY_SOURCE=3  -c cpp4r.cpp -o cpp4r.o
clang++-21 -stdlib=libc++ -std=gnu++20 -I"/opt/R/devel/lib/R/include" -DNDEBUG -DARMADILLO4R_SPARSE -I'/cache/R_libs/cpp4r/include' -I'/cache/R_libs/armadillo4r/include' -I'/opt/R/devel/lib/R/library/Matrix/include' -I/usr/local/include   -fopenmp  -DARMA_NO_DEBUG -DARMA_USE_BLAS -DARMA_USE_LAPACK -DARMA_USE_OPENMP -DARMA_OPENMP_THREADS=4 -DARMA_64BIT_WORD -DARMADILLO4RTEST_DEFAULT_OMP_THREADS=4 -fpic  -O3 -Wall -pedantic -frtti -Wp,-D_FORTIFY_SOURCE=3  -c main.cpp -o main.o
clang++-21 -stdlib=libc++ -std=gnu++20 -shared -L/opt/R/devel/lib/R/lib -L/usr/local/lib -o armadillo4rtest.so cpp4r.o main.o -fopenmp -llapack -lblas -L/usr/lib/llvm-21/lib -lFortranDecimal -lm -L/opt/R/devel/lib/R/lib -lR
installing to /check/armadillo4rtest.Rcheck/00LOCK-armadillo4rtest/00new/armadillo4rtest/libs
** R
** data
*** moving datasets to lazyload DB
** inst
** byte-compile and prepare package for lazy loading
** help
*** installing help indices
** building package indices
** testing if installed package can be loaded from temporary location
** checking absolute paths in shared objects and dynamic libraries
** testing if installed package can be loaded from final location
** testing if installed package keeps a record of temporary installation path
* DONE (armadillo4rtest)
=== 00check.log ===
* using log directory ‘/check/armadillo4rtest.Rcheck’
* using R Under development (unstable) (2026-05-14 r90050)
* using platform: x86_64-pc-linux-gnu
* R was compiled by
    gcc (Ubuntu 11.4.0-1ubuntu1~22.04.3) 11.4.0
    GNU Fortran (Ubuntu 11.4.0-1ubuntu1~22.04.3) 11.4.0
* running under: Ubuntu 22.04.5 LTS
* using session charset: UTF-8
* current time: 2026-08-12 09:52:08 UTC
* using options ‘--no-manual --as-cran’
* checking for file ‘armadillo4rtest/DESCRIPTION’ ... OK
* this is package ‘armadillo4rtest’ version ‘0.1.0’
* package encoding: UTF-8
* checking CRAN incoming feasibility ... NOTE
Maintainer: ‘Mauricio Vargas Sepulveda <m.vargas.sepulveda@gmail.com>’

New submission
* checking package namespace information ... OK
* checking package dependencies ... OK
* checking if this is a source package ... OK
* checking if there is a namespace ... OK
* checking for executable files ... OK
* checking for hidden files and directories ... OK
* checking for portable file names ... OK
* checking for sufficient/correct file permissions ... OK
* checking whether package ‘armadillo4rtest’ can be installed ... [60s/53s] OK
* used C++ compiler: ‘Ubuntu clang version 21.1.8 (++20251221032842+2078da43e25a-1~exp1~20251221153008.77)’
* checking C++ specification ... INFO
  specified C++20
* checking installed package size ... OK
* checking package directory ... OK
* checking for future file timestamps ... OK
* checking DESCRIPTION meta-information ... OK
* checking top-level files ... OK
* checking for left-over files ... OK
* checking index information ... OK
* checking package subdirectories ... OK
* checking code files for non-ASCII characters ... OK
* checking R files for syntax errors ... OK
* checking whether the package can be loaded ... OK
* checking whether the package can be loaded with stated dependencies ... OK
* checking whether the package can be unloaded cleanly ... OK
* checking whether the namespace can be loaded with stated dependencies ... OK
* checking whether the namespace can be unloaded cleanly ... OK
* checking loading without being on the library search path ... OK
* checking use of S3 registration ... OK
* checking dependencies in R code ... OK
* checking S3 generic/method consistency ... OK
* checking replacement functions ... OK
* checking foreign function calls ... OK
* checking R code for possible problems ... OK
* checking Rd files ... OK
* checking Rd metadata ... OK
* checking Rd line widths ... OK
* checking Rd cross-references ... OK
* checking for missing documentation entries ... OK
* checking for code/documentation mismatches ... OK
* checking Rd \usage sections ... OK
* checking Rd contents ... OK
* checking for unstated dependencies in examples ... OK
* checking contents of ‘data’ directory ... OK
* checking data for non-ASCII characters ... OK
* checking LazyData ... OK
* checking data for ASCII and uncompressed saves ... OK
* checking line endings in shell scripts ... OK
* checking line endings in C/C++/Fortran sources/headers ... OK
* checking line endings in Makefiles ... OK
* checking compilation flags in Makevars ... OK
* checking for GNU extensions in Makefiles ... OK
* checking for portable use of $(BLAS_LIBS) and $(LAPACK_LIBS) ... OK
* checking use of PKG_*FLAGS in Makefiles ... OK
* checking use of SHLIB_OPENMP_*FLAGS in Makefiles ... OK
* checking pragmas in C/C++ headers and code ... OK
* checking compilation flags used ... NOTE
Compilation used the following non-portable flag(s):
  ‘-Wp,-D_FORTIFY_SOURCE=3’
* checking compiled code ... OK
* checking examples ... NONE
* checking for unstated dependencies in ‘tests’ ... OK
* checking tests ... OK
  Running ‘tinytest.R’
* checking for non-standard things in the check directory ... OK
* checking for detritus in the temp directory ... OK
* DONE
Status: 2 NOTEs
