** this is package ‘armadillo4r’ version ‘1.0.0’
** package ‘armadillo4r’ successfully unpacked and MD5 sums checked
** using staged installation
** R
** inst
** byte-compile and prepare package for lazy loading
** help
*** installing help indices
*** copying figures
** building package indices
** testing if installed package can be loaded from temporary location
** testing if installed package can be loaded from final location
** testing if installed package keeps a record of temporary installation path
* DONE (armadillo4r)

The downloaded source packages are in
	‘/tmp/RtmpTgoRV1/downloaded_packages’
trying URL 'https://cloud.r-project.org/src/contrib/curl_7.1.0.tar.gz'
Content type 'application/x-gzip' length 717725 bytes (700 KB)
==================================================
downloaded 700 KB

* installing *source* package ‘curl’ ...
** this is package ‘curl’ version ‘7.1.0’
** package ‘curl’ successfully unpacked and MD5 sums checked
** using staged installation
Found pkg-config cflags and libs!
Using PKG_CFLAGS=-I/usr/include/x86_64-linux-gnu
Using PKG_LIBS=-lcurl
** libs
using C compiler: ‘Ubuntu clang version 14.0.0-1ubuntu1.1’
clang -I"/opt/R/devel-rchk/lib/R/include" -DNDEBUG -I/usr/include/x86_64-linux-gnu -DSTRICT_R_HEADERS -DR_NO_REMAP  -I/usr/local/include   -fvisibility=hidden -fPIC  -Wall -g -O0 -fPIC  -c callbacks.c -o callbacks.o
clang -I"/opt/R/devel-rchk/lib/R/include" -DNDEBUG -I/usr/include/x86_64-linux-gnu -DSTRICT_R_HEADERS -DR_NO_REMAP  -I/usr/local/include   -fvisibility=hidden -fPIC  -Wall -g -O0 -fPIC  -c curl.c -o curl.o
clang -I"/opt/R/devel-rchk/lib/R/include" -DNDEBUG -I/usr/include/x86_64-linux-gnu -DSTRICT_R_HEADERS -DR_NO_REMAP  -I/usr/local/include   -fvisibility=hidden -fPIC  -Wall -g -O0 -fPIC  -c download.c -o download.o
clang -I"/opt/R/devel-rchk/lib/R/include" -DNDEBUG -I/usr/include/x86_64-linux-gnu -DSTRICT_R_HEADERS -DR_NO_REMAP  -I/usr/local/include   -fvisibility=hidden -fPIC  -Wall -g -O0 -fPIC  -c dryrun.c -o dryrun.o
clang -I"/opt/R/devel-rchk/lib/R/include" -DNDEBUG -I/usr/include/x86_64-linux-gnu -DSTRICT_R_HEADERS -DR_NO_REMAP  -I/usr/local/include   -fvisibility=hidden -fPIC  -Wall -g -O0 -fPIC  -c escape.c -o escape.o
clang -I"/opt/R/devel-rchk/lib/R/include" -DNDEBUG -I/usr/include/x86_64-linux-gnu -DSTRICT_R_HEADERS -DR_NO_REMAP  -I/usr/local/include   -fvisibility=hidden -fPIC  -Wall -g -O0 -fPIC  -c fetch.c -o fetch.o
clang -I"/opt/R/devel-rchk/lib/R/include" -DNDEBUG -I/usr/include/x86_64-linux-gnu -DSTRICT_R_HEADERS -DR_NO_REMAP  -I/usr/local/include   -fvisibility=hidden -fPIC  -Wall -g -O0 -fPIC  -c findport.c -o findport.o
clang -I"/opt/R/devel-rchk/lib/R/include" -DNDEBUG -I/usr/include/x86_64-linux-gnu -DSTRICT_R_HEADERS -DR_NO_REMAP  -I/usr/local/include   -fvisibility=hidden -fPIC  -Wall -g -O0 -fPIC  -c form.c -o form.o
clang -I"/opt/R/devel-rchk/lib/R/include" -DNDEBUG -I/usr/include/x86_64-linux-gnu -DSTRICT_R_HEADERS -DR_NO_REMAP  -I/usr/local/include   -fvisibility=hidden -fPIC  -Wall -g -O0 -fPIC  -c getdate.c -o getdate.o
clang -I"/opt/R/devel-rchk/lib/R/include" -DNDEBUG -I/usr/include/x86_64-linux-gnu -DSTRICT_R_HEADERS -DR_NO_REMAP  -I/usr/local/include   -fvisibility=hidden -fPIC  -Wall -g -O0 -fPIC  -c handle.c -o handle.o
clang -I"/opt/R/devel-rchk/lib/R/include" -DNDEBUG -I/usr/include/x86_64-linux-gnu -DSTRICT_R_HEADERS -DR_NO_REMAP  -I/usr/local/include   -fvisibility=hidden -fPIC  -Wall -g -O0 -fPIC  -c ieproxy.c -o ieproxy.o
clang -I"/opt/R/devel-rchk/lib/R/include" -DNDEBUG -I/usr/include/x86_64-linux-gnu -DSTRICT_R_HEADERS -DR_NO_REMAP  -I/usr/local/include   -fvisibility=hidden -fPIC  -Wall -g -O0 -fPIC  -c init.c -o init.o
clang -I"/opt/R/devel-rchk/lib/R/include" -DNDEBUG -I/usr/include/x86_64-linux-gnu -DSTRICT_R_HEADERS -DR_NO_REMAP  -I/usr/local/include   -fvisibility=hidden -fPIC  -Wall -g -O0 -fPIC  -c interrupt.c -o interrupt.o
clang -I"/opt/R/devel-rchk/lib/R/include" -DNDEBUG -I/usr/include/x86_64-linux-gnu -DSTRICT_R_HEADERS -DR_NO_REMAP  -I/usr/local/include   -fvisibility=hidden -fPIC  -Wall -g -O0 -fPIC  -c multi.c -o multi.o
clang -I"/opt/R/devel-rchk/lib/R/include" -DNDEBUG -I/usr/include/x86_64-linux-gnu -DSTRICT_R_HEADERS -DR_NO_REMAP  -I/usr/local/include   -fvisibility=hidden -fPIC  -Wall -g -O0 -fPIC  -c nslookup.c -o nslookup.o
clang -I"/opt/R/devel-rchk/lib/R/include" -DNDEBUG -I/usr/include/x86_64-linux-gnu -DSTRICT_R_HEADERS -DR_NO_REMAP  -I/usr/local/include   -fvisibility=hidden -fPIC  -Wall -g -O0 -fPIC  -c options.c -o options.o
clang -I"/opt/R/devel-rchk/lib/R/include" -DNDEBUG -I/usr/include/x86_64-linux-gnu -DSTRICT_R_HEADERS -DR_NO_REMAP  -I/usr/local/include   -fvisibility=hidden -fPIC  -Wall -g -O0 -fPIC  -c reflist.c -o reflist.o
clang -I"/opt/R/devel-rchk/lib/R/include" -DNDEBUG -I/usr/include/x86_64-linux-gnu -DSTRICT_R_HEADERS -DR_NO_REMAP  -I/usr/local/include   -fvisibility=hidden -fPIC  -Wall -g -O0 -fPIC  -c split.c -o split.o
clang -I"/opt/R/devel-rchk/lib/R/include" -DNDEBUG -I/usr/include/x86_64-linux-gnu -DSTRICT_R_HEADERS -DR_NO_REMAP  -I/usr/local/include   -fvisibility=hidden -fPIC  -Wall -g -O0 -fPIC  -c ssl.c -o ssl.o
clang -I"/opt/R/devel-rchk/lib/R/include" -DNDEBUG -I/usr/include/x86_64-linux-gnu -DSTRICT_R_HEADERS -DR_NO_REMAP  -I/usr/local/include   -fvisibility=hidden -fPIC  -Wall -g -O0 -fPIC  -c typechecking.c -o typechecking.o
clang -I"/opt/R/devel-rchk/lib/R/include" -DNDEBUG -I/usr/include/x86_64-linux-gnu -DSTRICT_R_HEADERS -DR_NO_REMAP  -I/usr/local/include   -fvisibility=hidden -fPIC  -Wall -g -O0 -fPIC  -c urlparser.c -o urlparser.o
clang -I"/opt/R/devel-rchk/lib/R/include" -DNDEBUG -I/usr/include/x86_64-linux-gnu -DSTRICT_R_HEADERS -DR_NO_REMAP  -I/usr/local/include   -fvisibility=hidden -fPIC  -Wall -g -O0 -fPIC  -c utils.c -o utils.o
clang -I"/opt/R/devel-rchk/lib/R/include" -DNDEBUG -I/usr/include/x86_64-linux-gnu -DSTRICT_R_HEADERS -DR_NO_REMAP  -I/usr/local/include   -fvisibility=hidden -fPIC  -Wall -g -O0 -fPIC  -c version.c -o version.o
clang -I"/opt/R/devel-rchk/lib/R/include" -DNDEBUG -I/usr/include/x86_64-linux-gnu -DSTRICT_R_HEADERS -DR_NO_REMAP  -I/usr/local/include   -fvisibility=hidden -fPIC  -Wall -g -O0 -fPIC  -c winidn.c -o winidn.o
clang -I"/opt/R/devel-rchk/lib/R/include" -DNDEBUG -I/usr/include/x86_64-linux-gnu -DSTRICT_R_HEADERS -DR_NO_REMAP  -I/usr/local/include   -fvisibility=hidden -fPIC  -Wall -g -O0 -fPIC  -c writer.c -o writer.o
clang -shared -L/usr/local/lib -o curl.so callbacks.o curl.o download.o dryrun.o escape.o fetch.o findport.o form.o getdate.o handle.o ieproxy.o init.o interrupt.o multi.o nslookup.o options.o reflist.o split.o ssl.o typechecking.o urlparser.o utils.o version.o winidn.o writer.o -lcurl
installing to /cache/R_libs/00LOCK-curl/00new/curl/libs
** R
** inst
** byte-compile and prepare package for lazy loading
** help
*** installing help indices
** building package indices
** installing vignettes
** testing if installed package can be loaded from temporary location
** checking absolute paths in shared objects and dynamic libraries
** testing if installed package can be loaded from final location
** testing if installed package keeps a record of temporary installation path
* DONE (curl)

The downloaded source packages are in
	‘/tmp/RtmpITKTm5/downloaded_packages’
* installing *source* package ‘cpp4r’ ...
** this is package ‘cpp4r’ version ‘1.2.0’
** using staged installation
** R
** inst
** byte-compile and prepare package for lazy loading
** help
*** installing help indices
*** copying figures
** building package indices
** installing vignettes
** testing if installed package can be loaded from temporary location
** testing if installed package can be loaded from final location
** testing if installed package keeps a record of temporary installation path
* DONE (cpp4r)
* installing *source* package ‘armadillo4r’ ...
** this is package ‘armadillo4r’ version ‘1.1.0’
** using staged installation
** R
** inst
** byte-compile and prepare package for lazy loading
** help
*** installing help indices
*** copying figures
** building package indices
** installing vignettes
** testing if installed package can be loaded from temporary location
** testing if installed package can be loaded from final location
** testing if installed package keeps a record of temporary installation path
* DONE (armadillo4r)
* installing *source* package ‘armadillo4rtest’ ...
** this is package ‘armadillo4rtest’ version ‘0.1.0’
** using staged installation
==========================================================================
armadillo4r configuration summary

  C++ Compiler:           clang++ -stdlib=libc++
  C++ Standard:           CXX20
  OpenMP Support:         no
  OpenMP Threads:         4
  SIMD Support:           AVX2
  Sparse Matrix Support:  yes (Matrix >= 1.6-2)
  BLAS:                   -L/opt/R/devel-rchk/lib/R/lib -lRblas
  LAPACK:                 -L/opt/R/devel-rchk/lib/R/lib -lRlapack
  High-Performance Mode:  no
  Optimization Flags:     
  Debug Flags:            

For faster computation
 
 Enable high-performance optimizations:
 export ARMADILLO4RTEST_OPTIMIZATIONS=yes
 
 Change thread count:
 export ARMADILLO4RTEST_NCORES=<number>
 
 Then reinstall the package
==========================================================================
** libs
specified C++20
using C++ compiler: ‘Ubuntu clang version 14.0.0-1ubuntu1.1’
using C++20
clang++ -stdlib=libc++ -std=gnu++20 -I"/opt/R/devel-rchk/lib/R/include" -DNDEBUG -DARMADILLO4R_SPARSE -I'/cache/R_libs/cpp4r/include' -I'/cache/R_libs/armadillo4r/include' -I'/opt/R/devel-rchk/lib/R/library/Matrix/include' -I/usr/local/include     -DARMA_NO_DEBUG -DARMA_USE_BLAS -DARMA_USE_LAPACK -DARMA_USE_OPENMP -DARMA_OPENMP_THREADS=4 -DARMA_64BIT_WORD -DARMADILLO4RTEST_DEFAULT_OMP_THREADS=4 -fpic  -Wall -g -O0 -fPIC -I/usr/include/libcxxabi   -c cpp4r.cpp -o cpp4r.o
clang++ -stdlib=libc++ -std=gnu++20 -I"/opt/R/devel-rchk/lib/R/include" -DNDEBUG -DARMADILLO4R_SPARSE -I'/cache/R_libs/cpp4r/include' -I'/cache/R_libs/armadillo4r/include' -I'/opt/R/devel-rchk/lib/R/library/Matrix/include' -I/usr/local/include     -DARMA_NO_DEBUG -DARMA_USE_BLAS -DARMA_USE_LAPACK -DARMA_USE_OPENMP -DARMA_OPENMP_THREADS=4 -DARMA_64BIT_WORD -DARMADILLO4RTEST_DEFAULT_OMP_THREADS=4 -fpic  -Wall -g -O0 -fPIC -I/usr/include/libcxxabi   -c main.cpp -o main.o
In file included from main.cpp:14:
In file included from /cache/R_libs/armadillo4r/include/armadillo4r.hpp:52:
In file included from /cache/R_libs/armadillo4r/include/armadillo4r/armadillo.hpp:119:
/cache/R_libs/armadillo4r/include/armadillo4r/armadillo/compiler_setup.hpp:377:11: warning: WARNING: use of OpenMP disabled; compiler support for OpenMP 4.0+ not detected [-W#pragma-messages]
  #pragma message ("WARNING: use of OpenMP disabled; compiler support for OpenMP 4.0+ not detected")
          ^
1 warning generated.
clang++ -stdlib=libc++ -std=gnu++20 -shared -L/usr/local/lib -o armadillo4rtest.so cpp4r.o main.o -L/opt/R/devel-rchk/lib/R/lib -lRlapack -L/opt/R/devel-rchk/lib/R/lib -lRblas -lgfortran -lm -lquadmath
installing to /cache/R_libs/00LOCK-armadillo4rtest/00new/armadillo4rtest/libs
** R
** data
*** moving datasets to lazyload DB
** inst
** byte-compile and prepare package for lazy loading
** help
*** installing help indices
** building package indices
** testing if installed package can be loaded from temporary location
** checking absolute paths in shared objects and dynamic libraries
** testing if installed package can be loaded from final location
** testing if installed package keeps a record of temporary installation path
* DONE (armadillo4rtest)
* using log directory ‘/check/armadillo4rtest.Rcheck’
* using R Under development (unstable) (2026-05-15 r90061)
* using platform: x86_64-pc-linux-gnu
* R was compiled by
    Ubuntu clang version 14.0.0-1ubuntu1.1
    GNU Fortran (Ubuntu 11.4.0-1ubuntu1~22.04.3) 11.4.0
* running under: Ubuntu 22.04.5 LTS
* using session charset: UTF-8
* current time: 2026-08-12 10:49:58 UTC
* using options ‘--no-manual --as-cran’
* checking for file ‘armadillo4rtest/DESCRIPTION’ ... OK
* this is package ‘armadillo4rtest’ version ‘0.1.0’
* package encoding: UTF-8
* checking CRAN incoming feasibility ... [9s/11s] NOTE
Maintainer: ‘Mauricio Vargas Sepulveda <m.vargas.sepulveda@gmail.com>’

New submission
* checking package namespace information ... OK
* checking package dependencies ... OK
* checking if this is a source package ... OK
* checking if there is a namespace ... OK
* checking for executable files ... OK
* checking for hidden files and directories ... OK
* checking for portable file names ... OK
* checking for sufficient/correct file permissions ... OK
* checking whether package ‘armadillo4rtest’ can be installed ... [28s/28s] OK
* used C++ compiler: ‘Ubuntu clang version 14.0.0-1ubuntu1.1’
* checking C++ specification ... INFO
  specified C++20
* checking installed package size ... INFO
  installed size is 13.5Mb
  sub-directories of 1Mb or more:
    libs  12.9Mb
* checking package directory ... OK
* checking for future file timestamps ... OK
* checking DESCRIPTION meta-information ... OK
* checking top-level files ... OK
* checking for left-over files ... OK
* checking index information ... OK
* checking package subdirectories ... OK
* checking code files for non-ASCII characters ... OK
* checking R files for syntax errors ... OK
* checking whether the package can be loaded ... OK
* checking whether the package can be loaded with stated dependencies ... OK
* checking whether the package can be unloaded cleanly ... OK
* checking whether the namespace can be loaded with stated dependencies ... OK
* checking whether the namespace can be unloaded cleanly ... OK
* checking loading without being on the library search path ... OK
* checking use of S3 registration ... OK
* checking dependencies in R code ... OK
* checking S3 generic/method consistency ... OK
* checking replacement functions ... OK
* checking foreign function calls ... OK
* checking R code for possible problems ... OK
* checking Rd files ... OK
* checking Rd metadata ... OK
* checking Rd line widths ... OK
* checking Rd cross-references ... OK
* checking for missing documentation entries ... OK
* checking for code/documentation mismatches ... OK
* checking Rd \usage sections ... OK
* checking Rd contents ... OK
* checking for unstated dependencies in examples ... OK
* checking contents of ‘data’ directory ... OK
* checking data for non-ASCII characters ... OK
* checking LazyData ... OK
* checking data for ASCII and uncompressed saves ... OK
* checking line endings in shell scripts ... OK
* checking line endings in C/C++/Fortran sources/headers ... OK
* checking line endings in Makefiles ... OK
* checking compilation flags in Makevars ... OK
* checking for GNU extensions in Makefiles ... OK
* checking for portable use of $(BLAS_LIBS) and $(LAPACK_LIBS) ... OK
* checking use of PKG_*FLAGS in Makefiles ... OK
* checking use of SHLIB_OPENMP_*FLAGS in Makefiles ... OK
* checking pragmas in C/C++ headers and code ... OK
* checking compilation flags used ... OK
* checking compiled code ... OK
* checking examples ... NONE
* checking for unstated dependencies in ‘tests’ ... OK
* checking tests ...
  Running ‘tinytest.R’
 OK
* checking for non-standard things in the check directory ... OK
* checking for detritus in the temp directory ... OK
* DONE

Status: 1 NOTE
See
  ‘/check/armadillo4rtest.Rcheck/00check.log’
for details.

=== 00install.out ===
* installing *source* package ‘armadillo4rtest’ ...
** this is package ‘armadillo4rtest’ version ‘0.1.0’
** using staged installation
==========================================================================
armadillo4r configuration summary

  C++ Compiler:           clang++ -stdlib=libc++
  C++ Standard:           CXX20
  OpenMP Support:         no
  OpenMP Threads:         4
  SIMD Support:           AVX2
  Sparse Matrix Support:  yes (Matrix >= 1.6-2)
  BLAS:                   -L/opt/R/devel-rchk/lib/R/lib -lRblas
  LAPACK:                 -L/opt/R/devel-rchk/lib/R/lib -lRlapack
  High-Performance Mode:  no
  Optimization Flags:     
  Debug Flags:            

For faster computation
 
 Enable high-performance optimizations:
 export ARMADILLO4RTEST_OPTIMIZATIONS=yes
 
 Change thread count:
 export ARMADILLO4RTEST_NCORES=<number>
 
 Then reinstall the package
==========================================================================
** libs
specified C++20
using C++ compiler: ‘Ubuntu clang version 14.0.0-1ubuntu1.1’
using C++20
clang++ -stdlib=libc++ -std=gnu++20 -I"/opt/R/devel-rchk/lib/R/include" -DNDEBUG -DARMADILLO4R_SPARSE -I'/cache/R_libs/cpp4r/include' -I'/cache/R_libs/armadillo4r/include' -I'/opt/R/devel-rchk/lib/R/library/Matrix/include' -I/usr/local/include     -DARMA_NO_DEBUG -DARMA_USE_BLAS -DARMA_USE_LAPACK -DARMA_USE_OPENMP -DARMA_OPENMP_THREADS=4 -DARMA_64BIT_WORD -DARMADILLO4RTEST_DEFAULT_OMP_THREADS=4 -fpic  -Wall -g -O0 -fPIC -I/usr/include/libcxxabi   -c cpp4r.cpp -o cpp4r.o
clang++ -stdlib=libc++ -std=gnu++20 -I"/opt/R/devel-rchk/lib/R/include" -DNDEBUG -DARMADILLO4R_SPARSE -I'/cache/R_libs/cpp4r/include' -I'/cache/R_libs/armadillo4r/include' -I'/opt/R/devel-rchk/lib/R/library/Matrix/include' -I/usr/local/include     -DARMA_NO_DEBUG -DARMA_USE_BLAS -DARMA_USE_LAPACK -DARMA_USE_OPENMP -DARMA_OPENMP_THREADS=4 -DARMA_64BIT_WORD -DARMADILLO4RTEST_DEFAULT_OMP_THREADS=4 -fpic  -Wall -g -O0 -fPIC -I/usr/include/libcxxabi   -c main.cpp -o main.o
In file included from main.cpp:14:
In file included from /cache/R_libs/armadillo4r/include/armadillo4r.hpp:52:
In file included from /cache/R_libs/armadillo4r/include/armadillo4r/armadillo.hpp:119:
/cache/R_libs/armadillo4r/include/armadillo4r/armadillo/compiler_setup.hpp:377:11: warning: WARNING: use of OpenMP disabled; compiler support for OpenMP 4.0+ not detected [-W#pragma-messages]
  #pragma message ("WARNING: use of OpenMP disabled; compiler support for OpenMP 4.0+ not detected")
          ^
1 warning generated.
clang++ -stdlib=libc++ -std=gnu++20 -shared -L/usr/local/lib -o armadillo4rtest.so cpp4r.o main.o -L/opt/R/devel-rchk/lib/R/lib -lRlapack -L/opt/R/devel-rchk/lib/R/lib -lRblas -lgfortran -lm -lquadmath
installing to /check/armadillo4rtest.Rcheck/00LOCK-armadillo4rtest/00new/armadillo4rtest/libs
** R
** data
*** moving datasets to lazyload DB
** inst
** byte-compile and prepare package for lazy loading
** help
*** installing help indices
** building package indices
** testing if installed package can be loaded from temporary location
** checking absolute paths in shared objects and dynamic libraries
** testing if installed package can be loaded from final location
** testing if installed package keeps a record of temporary installation path
* DONE (armadillo4rtest)
=== 00check.log ===
* using log directory ‘/check/armadillo4rtest.Rcheck’
* using R Under development (unstable) (2026-05-15 r90061)
* using platform: x86_64-pc-linux-gnu
* R was compiled by
    Ubuntu clang version 14.0.0-1ubuntu1.1
    GNU Fortran (Ubuntu 11.4.0-1ubuntu1~22.04.3) 11.4.0
* running under: Ubuntu 22.04.5 LTS
* using session charset: UTF-8
* current time: 2026-08-12 10:49:58 UTC
* using options ‘--no-manual --as-cran’
* checking for file ‘armadillo4rtest/DESCRIPTION’ ... OK
* this is package ‘armadillo4rtest’ version ‘0.1.0’
* package encoding: UTF-8
* checking CRAN incoming feasibility ... [9s/11s] NOTE
Maintainer: ‘Mauricio Vargas Sepulveda <m.vargas.sepulveda@gmail.com>’

New submission
* checking package namespace information ... OK
* checking package dependencies ... OK
* checking if this is a source package ... OK
* checking if there is a namespace ... OK
* checking for executable files ... OK
* checking for hidden files and directories ... OK
* checking for portable file names ... OK
* checking for sufficient/correct file permissions ... OK
* checking whether package ‘armadillo4rtest’ can be installed ... [28s/28s] OK
* used C++ compiler: ‘Ubuntu clang version 14.0.0-1ubuntu1.1’
* checking C++ specification ... INFO
  specified C++20
* checking installed package size ... INFO
  installed size is 13.5Mb
  sub-directories of 1Mb or more:
    libs  12.9Mb
* checking package directory ... OK
* checking for future file timestamps ... OK
* checking DESCRIPTION meta-information ... OK
* checking top-level files ... OK
* checking for left-over files ... OK
* checking index information ... OK
* checking package subdirectories ... OK
* checking code files for non-ASCII characters ... OK
* checking R files for syntax errors ... OK
* checking whether the package can be loaded ... OK
* checking whether the package can be loaded with stated dependencies ... OK
* checking whether the package can be unloaded cleanly ... OK
* checking whether the namespace can be loaded with stated dependencies ... OK
* checking whether the namespace can be unloaded cleanly ... OK
* checking loading without being on the library search path ... OK
* checking use of S3 registration ... OK
* checking dependencies in R code ... OK
* checking S3 generic/method consistency ... OK
* checking replacement functions ... OK
* checking foreign function calls ... OK
* checking R code for possible problems ... OK
* checking Rd files ... OK
* checking Rd metadata ... OK
* checking Rd line widths ... OK
* checking Rd cross-references ... OK
* checking for missing documentation entries ... OK
* checking for code/documentation mismatches ... OK
* checking Rd \usage sections ... OK
* checking Rd contents ... OK
* checking for unstated dependencies in examples ... OK
* checking contents of ‘data’ directory ... OK
* checking data for non-ASCII characters ... OK
* checking LazyData ... OK
* checking data for ASCII and uncompressed saves ... OK
* checking line endings in shell scripts ... OK
* checking line endings in C/C++/Fortran sources/headers ... OK
* checking line endings in Makefiles ... OK
* checking compilation flags in Makevars ... OK
* checking for GNU extensions in Makefiles ... OK
* checking for portable use of $(BLAS_LIBS) and $(LAPACK_LIBS) ... OK
* checking use of PKG_*FLAGS in Makefiles ... OK
* checking use of SHLIB_OPENMP_*FLAGS in Makefiles ... OK
* checking pragmas in C/C++ headers and code ... OK
* checking compilation flags used ... OK
* checking compiled code ... OK
* checking examples ... NONE
* checking for unstated dependencies in ‘tests’ ... OK
* checking tests ... OK
  Running ‘tinytest.R’
* checking for non-standard things in the check directory ... OK
* checking for detritus in the temp directory ... OK
* DONE
Status: 1 NOTE
