Loading required package: usethis
* using log directory ‘/home/pacha/Documents/armadillo4r/armadillo4rtest.Rcheck’
* using R version 4.5.1 (2025-06-13)
* using platform: x86_64-pc-linux-gnu
* R was compiled by
    gcc (GCC) 15.1.1 20250425
    GNU Fortran (GCC) 15.1.1 20250425
* running under: Manjaro Linux
* using session charset: UTF-8
* using options ‘--no-manual --as-cran’
* checking for file ‘armadillo4rtest/DESCRIPTION’ ... OK
* checking extension type ... Package
* this is package ‘armadillo4rtest’ version ‘0.1’
* package encoding: UTF-8
* checking CRAN incoming feasibility ... [2s/29s] NOTE
Maintainer: ‘Mauricio Vargas Sepulveda <m.vargas.sepulveda@gmail.com>’

New submission

The Title field should be in title case. Current version is:
  ‘Testing armadillo4r’
In title case that is:
  ‘Testing Armadillo4r’
* checking package namespace information ... OK
* checking package dependencies ... OK
* checking if this is a source package ... OK
* checking if there is a namespace ... OK
* checking for executable files ... OK
* checking for hidden files and directories ... OK
* checking for portable file names ... OK
* checking for sufficient/correct file permissions ... OK
* checking whether package ‘armadillo4rtest’ can be installed ... [39s/39s] OK
* used C++ compiler: ‘clang version 20.1.8’
* checking C++ specification ... OK
  Not all R platforms support C++23
* checking installed package size ... OK
* checking package directory ... OK
* checking for future file timestamps ... OK
* checking ‘build’ directory ... OK
* checking DESCRIPTION meta-information ... OK
* checking top-level files ... OK
* checking for left-over files ... OK
* checking index information ... OK
* checking package subdirectories ... OK
* checking code files for non-ASCII characters ... OK
* checking R files for syntax errors ... OK
* checking whether the package can be loaded ... OK
* checking whether the package can be loaded with stated dependencies ... OK
* checking whether the package can be unloaded cleanly ... OK
* checking whether the namespace can be loaded with stated dependencies ... OK
* checking whether the namespace can be unloaded cleanly ... OK
* checking loading without being on the library search path ... OK
* checking use of S3 registration ... OK
* checking dependencies in R code ... OK
* checking S3 generic/method consistency ... OK
* checking replacement functions ... OK
* checking foreign function calls ... OK
* checking R code for possible problems ... OK
* checking Rd files ... OK
* checking Rd metadata ... OK
* checking Rd line widths ... OK
* checking Rd cross-references ... OK
* checking for missing documentation entries ... OK
* checking for code/documentation mismatches ... OK
* checking Rd \usage sections ... OK
* checking Rd contents ... OK
* checking for unstated dependencies in examples ... OK
* checking contents of ‘data’ directory ... OK
* checking data for non-ASCII characters ... OK
* checking LazyData ... OK
* checking data for ASCII and uncompressed saves ... OK
* checking line endings in shell scripts ... OK
* checking line endings in C/C++/Fortran sources/headers ... OK
* checking line endings in Makefiles ... OK
* checking compilation flags in Makevars ... OK
* checking for GNU extensions in Makefiles ... OK
* checking for portable use of $(BLAS_LIBS) and $(LAPACK_LIBS) ... OK
* checking use of PKG_*FLAGS in Makefiles ... OK
* checking use of SHLIB_OPENMP_*FLAGS in Makefiles ... OK
* checking pragmas in C/C++ headers and code ... OK
* checking compilation flags used ... OK
* checking compiled code ... NOTE
File ‘armadillo4rtest/libs/armadillo4rtest.so’:
  Found ‘_ZSt4cout’, possibly from ‘std::cout’ (C++)
    Object: ‘main.o’

Compiled code should not call entry points which might terminate R nor
write to stdout/stderr instead of to the console, nor use Fortran I/O
nor system RNGs nor [v]sprintf.

See ‘Writing portable packages’ in the ‘Writing R Extensions’ manual.
* checking installed files from ‘inst/doc’ ... OK
* checking files in ‘vignettes’ ... OK
* checking examples ... NONE
* checking for unstated dependencies in ‘tests’ ... OK
* checking tests ...
  Running ‘testthat.R’
 ERROR
Running the tests in ‘tests/testthat.R’ failed.
Last 13 lines of output:
  > # This file is part of the standard setup for testthat.
  > # It is recommended that you do not modify it.
  > #
  > # Where should you do additional test configuration?
  > # Learn more about the roles of various files in:
  > # * https://r-pkgs.org/testing-design.html#sec-tests-files-overview
  > # * https://testthat.r-lib.org/articles/special-files.html
  > 
  > library(testthat)
  > library(armadillo4rtest)
  > 
  > test_check("armadillo4rtest")
  Error: segfault from C stack overflow
  Execution halted
* checking for unstated dependencies in vignettes ... OK
* checking package vignettes ... OK
* checking re-building of vignette outputs ... OK
* checking for non-standard things in the check directory ... OK
* checking for detritus in the temp directory ... OK
* DONE

Status: 1 ERROR, 2 NOTEs
See
  ‘/home/pacha/Documents/armadillo4r/armadillo4rtest.Rcheck/00check.log’
for details.

