Loading required package: usethis
Loading required package: usethis
ℹ Updating armadillo4rtest documentation
ℹ Loading armadillo4rtest
ℹ Re-compiling armadillo4rtest (debug build)
── R CMD INSTALL ───────────────────────────────────────────────────────────────
* installing *source* package ‘armadillo4rtest’ ...
** this is package ‘armadillo4rtest’ version ‘0.1.0’
** using staged installation
==========================================================================
armadillo4r configuration summary

  C++ Compiler:           g++
  C++ Standard:           CXX20
  OpenMP Support:         yes
  OpenMP Threads:         4
  SIMD Support:           AVX2
  BLAS:                   -lblas
  LAPACK:                 -llapack
  High-Performance Mode:  no
  Optimization Flags:     
  Debug Flags:            

For faster computation
 
 Enable high-performance optimizations:
 export ARMADILLO4RTEST_OPTIMIZATIONS=yes
 
 Change thread count:
 export ARMADILLO4RTEST_NCORES=<number>
 
 Then reinstall the package
==========================================================================
** libs
specified C++20
using C++ compiler: ‘g++ (GCC) 15.2.1 20260209’
using C++20
make[1]: Entering directory '/home/pacha/Documents/armadillo4r/armadillo4rtest/src'
g++ -std=gnu++20 -I"/usr/include/R/" -DNDEBUG  -I'/home/pacha/R/x86_64-pc-linux-gnu-library/4.6/cpp4r/include' -I'/home/pacha/R/x86_64-pc-linux-gnu-library/4.6/armadillo4r/include' -I'/usr/lib/R/library/Matrix/include' -I/usr/local/include   -fopenmp  -DARMA_NO_DEBUG -DARMA_USE_BLAS -DARMA_USE_LAPACK -DARMA_USE_OPENMP -DARMA_OPENMP_THREADS=4 -DARMA_64BIT_WORD -DARMADILLO4RTEST_DEFAULT_OMP_THREADS=4 -fpic  -O3 -UNDEBUG -Wall -pedantic -g -O0  -c cpp4r.cpp -o cpp4r.o
g++ -std=gnu++20 -shared -L/usr/lib64/R/lib -Wl,-O1 -Wl,--sort-common -Wl,--as-needed -Wl,-z,relro -Wl,-z,now -Wl,-z,pack-relative-relocs -flto=auto -o armadillo4rtest.so cpp4r.o main.o -fopenmp -llapack -lblas -lgfortran -lm -lquadmath -L/usr/lib64/R/lib -lR
make[1]: Leaving directory '/home/pacha/Documents/armadillo4r/armadillo4rtest/src'
installing to /tmp/RtmpwLv7oM/devtools_install_cca74404ae014/00LOCK-armadillo4rtest/00new/armadillo4rtest/libs
** checking absolute paths in shared objects and dynamic libraries
* DONE (armadillo4rtest)
Loading required package: usethis
Loading required package: usethis
* using log directory ‘/home/pacha/Documents/armadillo4r/armadillo4rtest.Rcheck’
* using R version 4.6.0 (2026-04-24)
* using platform: x86_64-pc-linux-gnu
* R was compiled by
    gcc (GCC) 15.2.1 20260209
    GNU Fortran (GCC) 15.2.1 20260209
* running under: Manjaro Linux
* using session charset: UTF-8
* current time: 2026-05-11 15:02:56 UTC
* using options ‘--no-manual --as-cran’
* checking for file ‘armadillo4rtest/DESCRIPTION’ ... OK
* this is package ‘armadillo4rtest’ version ‘0.1.0’
* package encoding: UTF-8
* checking CRAN incoming feasibility ... [5s/71s] NOTE
Maintainer: ‘Mauricio Vargas Sepulveda <m.vargas.sepulveda@gmail.com>’

New submission

Found the following (possibly) invalid URLs:
  URL: https://orcid.org/0000-0003-1017-7574
    From: man/armadillo4rtest-package.Rd
    Status: 500
    Message: Internal Server Error
* checking package namespace information ... OK
* checking package dependencies ... OK
* checking if this is a source package ... OK
* checking if there is a namespace ... OK
* checking for executable files ... OK
* checking for hidden files and directories ... OK
* checking for portable file names ... OK
* checking for sufficient/correct file permissions ... OK
* checking whether package ‘armadillo4rtest’ can be installed ... [117s/118s] OK
* used C++ compiler: ‘g++ (GCC) 15.2.1 20260209’
* checking C++ specification ... INFO
  specified C++20
* checking installed package size ... OK
* checking package directory ... OK
* checking for future file timestamps ... OK
* checking DESCRIPTION meta-information ... OK
* checking top-level files ... OK
* checking for left-over files ... OK
* checking index information ... OK
* checking package subdirectories ... OK
* checking code files for non-ASCII characters ... OK
* checking R files for syntax errors ... OK
* checking whether the package can be loaded ... OK
* checking whether the package can be loaded with stated dependencies ... OK
* checking whether the package can be unloaded cleanly ... OK
* checking whether the namespace can be loaded with stated dependencies ... OK
* checking whether the namespace can be unloaded cleanly ... OK
* checking loading without being on the library search path ... OK
* checking use of S3 registration ... OK
* checking dependencies in R code ... OK
* checking S3 generic/method consistency ... OK
* checking replacement functions ... OK
* checking foreign function calls ... OK
* checking R code for possible problems ... OK
* checking Rd files ... OK
* checking Rd metadata ... OK
* checking Rd line widths ... OK
* checking Rd cross-references ... OK
* checking for missing documentation entries ... OK
* checking for code/documentation mismatches ... OK
* checking Rd \usage sections ... OK
* checking Rd contents ... OK
* checking for unstated dependencies in examples ... OK
* checking contents of ‘data’ directory ... OK
* checking data for non-ASCII characters ... OK
* checking LazyData ... OK
* checking data for ASCII and uncompressed saves ... OK
* checking line endings in shell scripts ... OK
* checking line endings in C/C++/Fortran sources/headers ... OK
* checking line endings in Makefiles ... OK
* checking compilation flags in Makevars ... OK
* checking for GNU extensions in Makefiles ... OK
* checking for portable use of $(BLAS_LIBS) and $(LAPACK_LIBS) ... OK
* checking use of PKG_*FLAGS in Makefiles ... OK
* checking use of SHLIB_OPENMP_*FLAGS in Makefiles ... OK
* checking pragmas in C/C++ headers and code ... OK
* checking compilation flags used ... OK
* checking compiled code ... OK
* checking examples ... NONE
* checking for unstated dependencies in ‘tests’ ... OK
* checking tests ...
  Running ‘testthat.R’
 OK
* checking for non-standard things in the check directory ... OK
* checking for detritus in the temp directory ... OK
* DONE

Status: 1 NOTE
See
  ‘/home/pacha/Documents/armadillo4r/armadillo4rtest.Rcheck/00check.log’
for details.

=== BEGIN 00install.out ===
Loading required package: usethis
* installing *source* package ‘armadillo4rtest’ ...
** this is package ‘armadillo4rtest’ version ‘0.1.0’
** using staged installation
==========================================================================
armadillo4r configuration summary

  C++ Compiler:           g++
  C++ Standard:           CXX20
  OpenMP Support:         yes
  OpenMP Threads:         4
  SIMD Support:           AVX2
  BLAS:                   -lblas
  LAPACK:                 -llapack
  High-Performance Mode:  no
  Optimization Flags:     
  Debug Flags:            

For faster computation
 
 Enable high-performance optimizations:
 export ARMADILLO4RTEST_OPTIMIZATIONS=yes
 
 Change thread count:
 export ARMADILLO4RTEST_NCORES=<number>
 
 Then reinstall the package
==========================================================================
** libs
specified C++20
using C++ compiler: ‘g++ (GCC) 15.2.1 20260209’
using C++20
make[1]: Entering directory '/home/pacha/Documents/armadillo4r/armadillo4rtest.Rcheck/00_pkg_src/armadillo4rtest/src'
g++ -std=gnu++20 -I"/usr/include/R/" -DNDEBUG  -I'/home/pacha/R/x86_64-pc-linux-gnu-library/4.6/cpp4r/include' -I'/home/pacha/R/x86_64-pc-linux-gnu-library/4.6/armadillo4r/include' -I'/usr/lib/R/library/Matrix/include' -I/usr/local/include   -fopenmp  -DARMA_NO_DEBUG -DARMA_USE_BLAS -DARMA_USE_LAPACK -DARMA_USE_OPENMP -DARMA_OPENMP_THREADS=4 -DARMA_64BIT_WORD -DARMADILLO4RTEST_DEFAULT_OMP_THREADS=4 -fpic  -O3  -c cpp4r.cpp -o cpp4r.o
g++ -std=gnu++20 -I"/usr/include/R/" -DNDEBUG  -I'/home/pacha/R/x86_64-pc-linux-gnu-library/4.6/cpp4r/include' -I'/home/pacha/R/x86_64-pc-linux-gnu-library/4.6/armadillo4r/include' -I'/usr/lib/R/library/Matrix/include' -I/usr/local/include   -fopenmp  -DARMA_NO_DEBUG -DARMA_USE_BLAS -DARMA_USE_LAPACK -DARMA_USE_OPENMP -DARMA_OPENMP_THREADS=4 -DARMA_64BIT_WORD -DARMADILLO4RTEST_DEFAULT_OMP_THREADS=4 -fpic  -O3  -c main.cpp -o main.o
g++ -std=gnu++20 -shared -L/usr/lib64/R/lib -Wl,-O1 -Wl,--sort-common -Wl,--as-needed -Wl,-z,relro -Wl,-z,now -Wl,-z,pack-relative-relocs -flto=auto -o armadillo4rtest.so cpp4r.o main.o -fopenmp -llapack -lblas -lgfortran -lm -lquadmath -L/usr/lib64/R/lib -lR
make[1]: Leaving directory '/home/pacha/Documents/armadillo4r/armadillo4rtest.Rcheck/00_pkg_src/armadillo4rtest/src'
make[1]: Entering directory '/home/pacha/Documents/armadillo4r/armadillo4rtest.Rcheck/00_pkg_src/armadillo4rtest/src'
make[1]: Leaving directory '/home/pacha/Documents/armadillo4r/armadillo4rtest.Rcheck/00_pkg_src/armadillo4rtest/src'
installing to /home/pacha/Documents/armadillo4r/armadillo4rtest.Rcheck/00LOCK-armadillo4rtest/00new/armadillo4rtest/libs
** R
** data
*** moving datasets to lazyload DB
** byte-compile and prepare package for lazy loading
** help
*** installing help indices
** building package indices
** testing if installed package can be loaded from temporary location
** checking absolute paths in shared objects and dynamic libraries
** testing if installed package can be loaded from final location
** testing if installed package keeps a record of temporary installation path
* DONE (armadillo4rtest)
=== END 00install.out ===
R CMD check completed with no ERRORs. Warnings/Notes (if any) are allowed. See ./checks/check-CXX23-gcc.log for full output.
Run complete.
