Loading required package: usethis
* installing *source* package ‘armadillo4rtest’ ...
** this is package ‘armadillo4rtest’ version ‘0.1.0’
** using staged installation
==========================================================================
armadillo4r configuration summary

  C++ Compiler:           g++
  C++ Standard:           CXX20
  OpenMP Support:         yes
  OpenMP Threads:         4
  SIMD Support:           AVX2
  BLAS:                   -lblas
  LAPACK:                 -llapack
  High-Performance Mode:  no
  Optimization Flags:     
  Debug Flags:            

For faster computation
 
 Enable high-performance optimizations:
 export ARMADILLO4RTEST_OPTIMIZATIONS=yes
 
 Change thread count:
 export ARMADILLO4RTEST_NCORES=<number>
 
 Then reinstall the package
==========================================================================
** libs
specified C++20
using C++ compiler: ‘g++ (GCC) 15.2.1 20260209’
using C++20
make[1]: Entering directory '/home/pacha/Documents/armadillo4r/armadillo4rtest.Rcheck/00_pkg_src/armadillo4rtest/src'
g++ -std=gnu++20 -I"/usr/include/R/" -DNDEBUG  -I'/home/pacha/R/x86_64-pc-linux-gnu-library/4.6/cpp4r/include' -I'/home/pacha/R/x86_64-pc-linux-gnu-library/4.6/armadillo4r/include' -I'/usr/lib/R/library/Matrix/include' -I/usr/local/include   -fopenmp  -DARMA_NO_DEBUG -DARMA_USE_BLAS -DARMA_USE_LAPACK -DARMA_USE_OPENMP -DARMA_OPENMP_THREADS=4 -DARMA_64BIT_WORD -DARMADILLO4RTEST_DEFAULT_OMP_THREADS=4 -fpic  -O3  -c cpp4r.cpp -o cpp4r.o
g++ -std=gnu++20 -I"/usr/include/R/" -DNDEBUG  -I'/home/pacha/R/x86_64-pc-linux-gnu-library/4.6/cpp4r/include' -I'/home/pacha/R/x86_64-pc-linux-gnu-library/4.6/armadillo4r/include' -I'/usr/lib/R/library/Matrix/include' -I/usr/local/include   -fopenmp  -DARMA_NO_DEBUG -DARMA_USE_BLAS -DARMA_USE_LAPACK -DARMA_USE_OPENMP -DARMA_OPENMP_THREADS=4 -DARMA_64BIT_WORD -DARMADILLO4RTEST_DEFAULT_OMP_THREADS=4 -fpic  -O3  -c main.cpp -o main.o
g++ -std=gnu++20 -shared -L/usr/lib64/R/lib -Wl,-O1 -Wl,--sort-common -Wl,--as-needed -Wl,-z,relro -Wl,-z,now -Wl,-z,pack-relative-relocs -flto=auto -o armadillo4rtest.so cpp4r.o main.o -fopenmp -llapack -lblas -lgfortran -lm -lquadmath -L/usr/lib64/R/lib -lR
make[1]: Leaving directory '/home/pacha/Documents/armadillo4r/armadillo4rtest.Rcheck/00_pkg_src/armadillo4rtest/src'
make[1]: Entering directory '/home/pacha/Documents/armadillo4r/armadillo4rtest.Rcheck/00_pkg_src/armadillo4rtest/src'
make[1]: Leaving directory '/home/pacha/Documents/armadillo4r/armadillo4rtest.Rcheck/00_pkg_src/armadillo4rtest/src'
installing to /home/pacha/Documents/armadillo4r/armadillo4rtest.Rcheck/00LOCK-armadillo4rtest/00new/armadillo4rtest/libs
** R
** data
*** moving datasets to lazyload DB
** byte-compile and prepare package for lazy loading
** help
*** installing help indices
** building package indices
** testing if installed package can be loaded from temporary location
** checking absolute paths in shared objects and dynamic libraries
** testing if installed package can be loaded from final location
** testing if installed package keeps a record of temporary installation path
* DONE (armadillo4rtest)
