Loading required package: usethis
* installing *source* package ‘armadillo4rtest’ ...
** this is package ‘armadillo4rtest’ version ‘0.1.0’
** using staged installation
** libs
using C++ compiler: ‘g++ (GCC) 15.2.1 20260209’
make[1]: Entering directory '/home/pacha/Documents/armadillo4r/armadillo4rtest.Rcheck/00_pkg_src/armadillo4rtest/src'
g++ -std=gnu++17 -I"/usr/include/R/" -DNDEBUG -UDEBUG -g -I vendor/ -Wall -O2 -pedantic  -I/usr/local/include   -fopenmp  -DARMA_OPENMP_THREADS=4 -fpic  -O3  -c cpp4r.cpp -o cpp4r.o
g++ -std=gnu++17 -I"/usr/include/R/" -DNDEBUG -UDEBUG -g -I vendor/ -Wall -O2 -pedantic  -I/usr/local/include   -fopenmp  -DARMA_OPENMP_THREADS=4 -fpic  -O3  -c main.cpp -o main.o
g++ -std=gnu++17 -shared -L/usr/lib64/R/lib -Wl,-O1 -Wl,--sort-common -Wl,--as-needed -Wl,-z,relro -Wl,-z,now -Wl,-z,pack-relative-relocs -flto=auto -o armadillo4rtest.so cpp4r.o main.o -fopenmp -llapack -lblas -lgfortran -lm -lquadmath -L/usr/lib64/R/lib -lR
make[1]: Leaving directory '/home/pacha/Documents/armadillo4r/armadillo4rtest.Rcheck/00_pkg_src/armadillo4rtest/src'
make[1]: Entering directory '/home/pacha/Documents/armadillo4r/armadillo4rtest.Rcheck/00_pkg_src/armadillo4rtest/src'
make[1]: Leaving directory '/home/pacha/Documents/armadillo4r/armadillo4rtest.Rcheck/00_pkg_src/armadillo4rtest/src'
installing to /home/pacha/Documents/armadillo4r/armadillo4rtest.Rcheck/00LOCK-armadillo4rtest/00new/armadillo4rtest/libs
** R
** data
*** moving datasets to lazyload DB
** byte-compile and prepare package for lazy loading
** help
*** installing help indices
** building package indices
** testing if installed package can be loaded from temporary location
** checking absolute paths in shared objects and dynamic libraries
** testing if installed package can be loaded from final location
** testing if installed package keeps a record of temporary installation path
* DONE (armadillo4rtest)
